../Core/Src/main.c:67:6:vQueueSendingTask	24	static
../Core/Src/main.c:85:6:vQueueReceivingTask	48	static
../Core/Src/main.c:107:5:main	56	static
../Core/Src/main.c:182:6:SystemClock_Config	88	static
../Core/Src/main.c:229:13:MX_ADC1_Init	24	static
../Core/Src/main.c:281:13:MX_USART2_UART_Init	8	static
../Core/Src/main.c:314:13:MX_GPIO_Init	16	static
../Core/Src/main.c:333:6:StartDefaultTask	16	static
../Core/Src/main.c:352:6:HAL_TIM_PeriodElapsedCallback	16	static
../Core/Src/main.c:369:6:Error_Handler	4	static,ignoring_inline_asm
