Archive member included to satisfy reference by file (symbol)

c:/st/stm32cubeide_1.10.1/stm32cubeide/plugins/com.st.stm32cube.ide.mcu.externaltools.gnu-tools-for-stm32.10.3-2021.10.win32_1.0.0.202111181127/tools/bin/../lib/gcc/arm-none-eabi/10.3.1/../../../../arm-none-eabi/lib/thumb/v7e-m+fp/hard\libc_nano.a(lib_a-errno.o)
                              ./Src/syscalls.o (__errno)
c:/st/stm32cubeide_1.10.1/stm32cubeide/plugins/com.st.stm32cube.ide.mcu.externaltools.gnu-tools-for-stm32.10.3-2021.10.win32_1.0.0.202111181127/tools/bin/../lib/gcc/arm-none-eabi/10.3.1/../../../../arm-none-eabi/lib/thumb/v7e-m+fp/hard\libc_nano.a(lib_a-exit.o)
                              c:/st/stm32cubeide_1.10.1/stm32cubeide/plugins/com.st.stm32cube.ide.mcu.externaltools.gnu-tools-for-stm32.10.3-2021.10.win32_1.0.0.202111181127/tools/bin/../lib/gcc/arm-none-eabi/10.3.1/../../../../arm-none-eabi/lib/thumb/v7e-m+fp/hard/crt0.o (exit)
c:/st/stm32cubeide_1.10.1/stm32cubeide/plugins/com.st.stm32cube.ide.mcu.externaltools.gnu-tools-for-stm32.10.3-2021.10.win32_1.0.0.202111181127/tools/bin/../lib/gcc/arm-none-eabi/10.3.1/../../../../arm-none-eabi/lib/thumb/v7e-m+fp/hard\libc_nano.a(lib_a-findfp.o)
                              ./ThirdParty/FreeRTOS/tasks.o (__sf_fake_stderr)
c:/st/stm32cubeide_1.10.1/stm32cubeide/plugins/com.st.stm32cube.ide.mcu.externaltools.gnu-tools-for-stm32.10.3-2021.10.win32_1.0.0.202111181127/tools/bin/../lib/gcc/arm-none-eabi/10.3.1/../../../../arm-none-eabi/lib/thumb/v7e-m+fp/hard\libc_nano.a(lib_a-fwalk.o)
                              c:/st/stm32cubeide_1.10.1/stm32cubeide/plugins/com.st.stm32cube.ide.mcu.externaltools.gnu-tools-for-stm32.10.3-2021.10.win32_1.0.0.202111181127/tools/bin/../lib/gcc/arm-none-eabi/10.3.1/../../../../arm-none-eabi/lib/thumb/v7e-m+fp/hard\libc_nano.a(lib_a-findfp.o) (_fwalk)
c:/st/stm32cubeide_1.10.1/stm32cubeide/plugins/com.st.stm32cube.ide.mcu.externaltools.gnu-tools-for-stm32.10.3-2021.10.win32_1.0.0.202111181127/tools/bin/../lib/gcc/arm-none-eabi/10.3.1/../../../../arm-none-eabi/lib/thumb/v7e-m+fp/hard\libc_nano.a(lib_a-impure.o)
                              c:/st/stm32cubeide_1.10.1/stm32cubeide/plugins/com.st.stm32cube.ide.mcu.externaltools.gnu-tools-for-stm32.10.3-2021.10.win32_1.0.0.202111181127/tools/bin/../lib/gcc/arm-none-eabi/10.3.1/../../../../arm-none-eabi/lib/thumb/v7e-m+fp/hard\libc_nano.a(lib_a-exit.o) (_global_impure_ptr)
c:/st/stm32cubeide_1.10.1/stm32cubeide/plugins/com.st.stm32cube.ide.mcu.externaltools.gnu-tools-for-stm32.10.3-2021.10.win32_1.0.0.202111181127/tools/bin/../lib/gcc/arm-none-eabi/10.3.1/../../../../arm-none-eabi/lib/thumb/v7e-m+fp/hard\libc_nano.a(lib_a-init.o)
                              c:/st/stm32cubeide_1.10.1/stm32cubeide/plugins/com.st.stm32cube.ide.mcu.externaltools.gnu-tools-for-stm32.10.3-2021.10.win32_1.0.0.202111181127/tools/bin/../lib/gcc/arm-none-eabi/10.3.1/../../../../arm-none-eabi/lib/thumb/v7e-m+fp/hard/crt0.o (__libc_init_array)
c:/st/stm32cubeide_1.10.1/stm32cubeide/plugins/com.st.stm32cube.ide.mcu.externaltools.gnu-tools-for-stm32.10.3-2021.10.win32_1.0.0.202111181127/tools/bin/../lib/gcc/arm-none-eabi/10.3.1/../../../../arm-none-eabi/lib/thumb/v7e-m+fp/hard\libc_nano.a(lib_a-lock.o)
                              c:/st/stm32cubeide_1.10.1/stm32cubeide/plugins/com.st.stm32cube.ide.mcu.externaltools.gnu-tools-for-stm32.10.3-2021.10.win32_1.0.0.202111181127/tools/bin/../lib/gcc/arm-none-eabi/10.3.1/../../../../arm-none-eabi/lib/thumb/v7e-m+fp/hard\libc_nano.a(lib_a-findfp.o) (__retarget_lock_init_recursive)
c:/st/stm32cubeide_1.10.1/stm32cubeide/plugins/com.st.stm32cube.ide.mcu.externaltools.gnu-tools-for-stm32.10.3-2021.10.win32_1.0.0.202111181127/tools/bin/../lib/gcc/arm-none-eabi/10.3.1/../../../../arm-none-eabi/lib/thumb/v7e-m+fp/hard\libc_nano.a(lib_a-memcpy-stub.o)
                              ./ThirdParty/FreeRTOS/queue.o (memcpy)
c:/st/stm32cubeide_1.10.1/stm32cubeide/plugins/com.st.stm32cube.ide.mcu.externaltools.gnu-tools-for-stm32.10.3-2021.10.win32_1.0.0.202111181127/tools/bin/../lib/gcc/arm-none-eabi/10.3.1/../../../../arm-none-eabi/lib/thumb/v7e-m+fp/hard\libc_nano.a(lib_a-memset.o)
                              c:/st/stm32cubeide_1.10.1/stm32cubeide/plugins/com.st.stm32cube.ide.mcu.externaltools.gnu-tools-for-stm32.10.3-2021.10.win32_1.0.0.202111181127/tools/bin/../lib/gcc/arm-none-eabi/10.3.1/../../../../arm-none-eabi/lib/thumb/v7e-m+fp/hard/crt0.o (memset)
c:/st/stm32cubeide_1.10.1/stm32cubeide/plugins/com.st.stm32cube.ide.mcu.externaltools.gnu-tools-for-stm32.10.3-2021.10.win32_1.0.0.202111181127/tools/bin/../lib/gcc/arm-none-eabi/10.3.1/../../../../arm-none-eabi/lib/thumb/v7e-m+fp/hard\libc_nano.a(lib_a-nano-mallocr.o)
[...]
Memory Configuration

Name             Origin             Length             Attributes
CCMRAM           0x0000000010000000 0x0000000000010000 xrw
RAM              0x0000000020000000 0x0000000000020000 xrw
FLASH            0x0000000008000000 0x0000000000100000 xr
*default*        0x0000000000000000 0xffffffffffffffff

Linker script and memory map

LOAD c:/st/stm32cubeide_1.10.1/stm32cubeide/plugins/com.st.stm32cube.ide.mcu.externaltools.gnu-tools-for-stm32.10.3-2021.10.win32_1.0.0.202111181127/tools/bin/../lib/gcc/arm-none-eabi/10.3.1/thumb/v7e-m+fp/hard/crti.o
LOAD c:/st/stm32cubeide_1.10.1/stm32cubeide/plugins/com.st.stm32cube.ide.mcu.externaltools.gnu-tools-for-stm32.10.3-2021.10.win32_1.0.0.202111181127/tools/bin/../lib/gcc/arm-none-eabi/10.3.1/thumb/v7e-m+fp/hard/crtbegin.o
LOAD c:/st/stm32cubeide_1.10.1/stm32cubeide/plugins/com.st.stm32cube.ide.mcu.externaltools.gnu-tools-for-stm32.10.3-2021.10.win32_1.0.0.202111181127/tools/bin/../lib/gcc/arm-none-eabi/10.3.1/../../../../arm-none-eabi/lib/thumb/v7e-m+fp/hard/crt0.o
LOAD ./Src/itm.o
LOAD ./Src/led.o
LOAD ./Src/main.o
LOAD ./Src/syscalls.o
LOAD ./Src/sysmem.o
LOAD ./Src/system_stm32f4xx.o
LOAD ./Startup/startup_stm32f407vgtx.o
LOAD ./ThirdParty/FreeRTOS/croutine.o
LOAD ./ThirdParty/FreeRTOS/event_groups.o
LOAD ./ThirdParty/FreeRTOS/list.o
LOAD ./ThirdParty/FreeRTOS/queue.o
LOAD ./ThirdParty/FreeRTOS/stream_buffer.o
LOAD ./ThirdParty/FreeRTOS/tasks.o
LOAD ./ThirdParty/FreeRTOS/timers.o
LOAD ./ThirdParty/FreeRTOS/portable/GCC/ARM_CM4F/port.o
LOAD ./ThirdParty/FreeRTOS/portable/MemMang/heap_4.o
START GROUP
LOAD c:/st/stm32cubeide_1.10.1/stm32cubeide/plugins/com.st.stm32cube.ide.mcu.externaltools.gnu-tools-for-stm32.10.3-2021.10.win32_1.0.0.202111181127/tools/bin/../lib/gcc/arm-none-eabi/10.3.1/../../../../arm-none-eabi/lib/thumb/v7e-m+fp/hard\libc_nano.a
LOAD c:/st/stm32cubeide_1.10.1/stm32cubeide/plugins/com.st.stm32cube.ide.mcu.externaltools.gnu-tools-for-stm32.10.3-2021.10.win32_1.0.0.202111181127/tools/bin/../lib/gcc/arm-none-eabi/10.3.1/../../../../arm-none-eabi/lib/thumb/v7e-m+fp/hard\libm.a
END GROUP
START GROUP
LOAD c:/st/stm32cubeide_1.10.1/stm32cubeide/plugins/com.st.stm32cube.ide.mcu.externaltools.gnu-tools-for-stm32.10.3-2021.10.win32_1.0.0.202111181127/tools/bin/../lib/gcc/arm-none-eabi/10.3.1/thumb/v7e-m+fp/hard\libgcc.a
LOAD c:/st/stm32cubeide_1.10.1/stm32cubeide/plugins/com.st.stm32cube.ide.mcu.externaltools.gnu-tools-for-stm32.10.3-2021.10.win32_1.0.0.202111181127/tools/bin/../lib/gcc/arm-none-eabi/10.3.1/../../../../arm-none-eabi/lib/thumb/v7e-m+fp/hard\libc_nano.a
END GROUP
START GROUP
LOAD c:/st/stm32cubeide_1.10.1/stm32cubeide/plugins/com.st.stm32cube.ide.mcu.externaltools.gnu-tools-for-stm32.10.3-2021.10.win32_1.0.0.202111181127/tools/bin/../lib/gcc/arm-none-eabi/10.3.1/thumb/v7e-m+fp/hard\libgcc.a
LOAD c:/st/stm32cubeide_1.10.1/stm32cubeide/plugins/com.st.stm32cube.ide.mcu.externaltools.gnu-tools-for-stm32.10.3-2021.10.win32_1.0.0.202111181127/tools/bin/../lib/gcc/arm-none-eabi/10.3.1/../../../../arm-none-eabi/lib/thumb/v7e-m+fp/hard\libc_nano.a
LOAD c:/st/stm32cubeide_1.10.1/stm32cubeide/plugins/com.st.stm32cube.ide.mcu.externaltools.gnu-tools-for-stm32.10.3-2021.10.win32_1.0.0.202111181127/tools/bin/../lib/gcc/arm-none-eabi/10.3.1/../../../../arm-none-eabi/lib/thumb/v7e-m+fp/hard\libnosys.a
END GROUP
START GROUP
LOAD c:/st/stm32cubeide_1.10.1/stm32cubeide/plugins/com.st.stm32cube.ide.mcu.externaltools.gnu-tools-for-stm32.10.3-2021.10.win32_1.0.0.202111181127/tools/bin/../lib/gcc/arm-none-eabi/10.3.1/thumb/v7e-m+fp/hard\libgcc.a
LOAD c:/st/stm32cubeide_1.10.1/stm32cubeide/plugins/com.st.stm32cube.ide.mcu.externaltools.gnu-tools-for-stm32.10.3-2021.10.win32_1.0.0.202111181127/tools/bin/../lib/gcc/arm-none-eabi/10.3.1/../../../../arm-none-eabi/lib/thumb/v7e-m+fp/hard\libc_nano.a
LOAD c:/st/stm32cubeide_1.10.1/stm32cubeide/plugins/com.st.stm32cube.ide.mcu.externaltools.gnu-tools-for-stm32.10.3-2021.10.win32_1.0.0.202111181127/tools/bin/../lib/gcc/arm-none-eabi/10.3.1/../../../../arm-none-eabi/lib/thumb/v7e-m+fp/hard\libnosys.a
END GROUP
LOAD c:/st/stm32cubeide_1.10.1/stm32cubeide/plugins/com.st.stm32cube.ide.mcu.externaltools.gnu-tools-for-stm32.10.3-2021.10.win32_1.0.0.202111181127/tools/bin/../lib/gcc/arm-none-eabi/10.3.1/thumb/v7e-m+fp/hard/crtend.o
LOAD c:/st/stm32cubeide_1.10.1/stm32cubeide/plugins/com.st.stm32cube.ide.mcu.externaltools.gnu-tools-for-stm32.10.3-2021.10.win32_1.0.0.202111181127/tools/bin/../lib/gcc/arm-none-eabi/10.3.1/thumb/v7e-m+fp/hard/crtn.o
                0x0000000020020000                _estack = (ORIGIN (RAM) + LENGTH (RAM))
                0x0000000000000200                _Min_Heap_Size = 0x200
                0x0000000000000400                _Min_Stack_Size = 0x400

.isr_vector     0x0000000008000000      0x1a8
                0x0000000008000000                . = ALIGN (0x4)
 *(.isr_vector)
 .isr_vector    0x0000000008000000      0x1a8 ./Startup/startup_stm32f407vgtx.o
                0x0000000008000000                g_pfnVectors
                0x00000000080001a8                . = ALIGN (0x4)

.text           0x00000000080001b0     0x1878
                0x00000000080001b0                . = ALIGN (0x4)
 *(.text)
 .text          0x00000000080001b0       0x40 c:/st/stm32cubeide_1.10.1/stm32cubeide/plugins/com.st.stm32cube.ide.mcu.externaltools.gnu-tools-for-stm32.10.3-2021.10.win32_1.0.0.202111181127/tools/bin/../lib/gcc/arm-none-eabi/10.3.1/thumb/v7e-m+fp/hard/crtbegin.o
 *(.text*)
 .text.led_init
                0x00000000080001f0       0xb8 ./Src/led.o
                0x00000000080001f0                led_init
 .text.led_toggle
                0x00000000080002a8       0x30 ./Src/led.o
                0x00000000080002a8                led_toggle
 .text.vAperiodicTask
                0x00000000080002d8       0x1e ./Src/main.o
                0x00000000080002d8                vAperiodicTask
 .text.vPeriodicTask
                0x00000000080002f6       0x2c ./Src/main.o
                0x00000000080002f6                vPeriodicTask
 *fill*         0x0000000008000322        0x2 
 .text.main     0x0000000008000324       0x50 ./Src/main.o
                0x0000000008000324                main
 .text.SystemInit
                0x0000000008000374       0x20 ./Src/system_stm32f4xx.o
                0x0000000008000374                SystemInit
 .text.DWT_Init
                0x0000000008000394       0x60 ./Src/system_stm32f4xx.o
                0x0000000008000394                DWT_Init
 .text.Reset_Handler
                0x00000000080003f4       0x50 ./Startup/startup_stm32f407vgtx.o
                0x00000000080003f4                Reset_Handler
 .text.Default_Handler
                0x0000000008000444        0x2 ./Startup/startup_stm32f407vgtx.o
                0x0000000008000444                RTC_Alarm_IRQHandler
                0x0000000008000444                HASH_RNG_IRQHandler
                0x0000000008000444                EXTI2_IRQHandler
                0x0000000008000444                TIM8_CC_IRQHandler
                0x0000000008000444                DebugMon_Handler
                0x0000000008000444                TIM1_CC_IRQHandler
                0x0000000008000444                DMA2_Stream5_IRQHandler
                0x0000000008000444                HardFault_Handler
                0x0000000008000444                DMA1_Stream5_IRQHandler
                0x0000000008000444                PVD_IRQHandler
                0x0000000008000444                SDIO_IRQHandler
                0x0000000008000444                TAMP_STAMP_IRQHandler
                0x0000000008000444                NMI_Handler
                0x0000000008000444                CAN2_RX1_IRQHandler
                0x0000000008000444                EXTI3_IRQHandler
                0x0000000008000444                TIM8_TRG_COM_TIM14_IRQHandler
                0x0000000008000444                TIM1_UP_TIM10_IRQHandler
                0x0000000008000444                TIM8_UP_TIM13_IRQHandler
                0x0000000008000444                I2C3_ER_IRQHandler
                0x0000000008000444                LCD_TFT_IRQHandler
                0x0000000008000444                EXTI0_IRQHandler
                0x0000000008000444                I2C2_EV_IRQHandler
                0x0000000008000444                DMA1_Stream2_IRQHandler
                0x0000000008000444                CAN1_RX0_IRQHandler
                0x0000000008000444                FPU_IRQHandler
                0x0000000008000444                OTG_HS_WKUP_IRQHandler
                0x0000000008000444                UsageFault_Handler
                0x0000000008000444                CAN2_SCE_IRQHandler
                0x0000000008000444                DMA2_Stream2_IRQHandler
                0x0000000008000444                SPI1_IRQHandler
                0x0000000008000444                TIM6_DAC_IRQHandler
                0x0000000008000444                TIM1_BRK_TIM9_IRQHandler
                0x0000000008000444                DCMI_IRQHandler
                0x0000000008000444                CAN2_RX0_IRQHandler
                0x0000000008000444                DMA2_Stream3_IRQHandler
                0x0000000008000444                USART6_IRQHandler
                0x0000000008000444                USART3_IRQHandler
                0x0000000008000444                CRYP_IRQHandler
                0x0000000008000444                CAN1_RX1_IRQHandler
                0x0000000008000444                UART5_IRQHandler
                0x0000000008000444                DMA2_Stream0_IRQHandler
                0x0000000008000444                TIM4_IRQHandler
                0x0000000008000444                I2C1_EV_IRQHandler
                0x0000000008000444                DMA1_Stream6_IRQHandler
                0x0000000008000444                DMA1_Stream1_IRQHandler
                0x0000000008000444                UART4_IRQHandler
                0x0000000008000444                LCD_TFT_1_IRQHandler
                0x0000000008000444                TIM3_IRQHandler
                0x0000000008000444                RCC_IRQHandler
                0x0000000008000444                TIM8_BRK_TIM12_IRQHandler
                0x0000000008000444                Default_Handler
                0x0000000008000444                EXTI15_10_IRQHandler
                0x0000000008000444                ADC_IRQHandler
                0x0000000008000444                DMA1_Stream7_IRQHandler
                0x0000000008000444                TIM7_IRQHandler
                0x0000000008000444                CAN2_TX_IRQHandler
                0x0000000008000444                TIM5_IRQHandler
                0x0000000008000444                DMA2_Stream7_IRQHandler
                0x0000000008000444                I2C3_EV_IRQHandler
                0x0000000008000444                EXTI9_5_IRQHandler
                0x0000000008000444                RTC_WKUP_IRQHandler
                0x0000000008000444                ETH_WKUP_IRQHandler
                0x0000000008000444                SPI2_IRQHandler
                0x0000000008000444                OTG_HS_EP1_IN_IRQHandler
                0x0000000008000444                MemManage_Handler
                0x0000000008000444                DMA1_Stream0_IRQHandler
                0x0000000008000444                CAN1_TX_IRQHandler
                0x0000000008000444                EXTI4_IRQHandler
                0x0000000008000444                FSMC_IRQHandler
                0x0000000008000444                ETH_IRQHandler
                0x0000000008000444                OTG_HS_EP1_OUT_IRQHandler
                0x0000000008000444                WWDG_IRQHandler
                0x0000000008000444                TIM2_IRQHandler
                0x0000000008000444                OTG_FS_WKUP_IRQHandler
                0x0000000008000444                TIM1_TRG_COM_TIM11_IRQHandler
                0x0000000008000444                OTG_HS_IRQHandler
                0x0000000008000444                EXTI1_IRQHandler
                0x0000000008000444                USART2_IRQHandler
                0x0000000008000444                I2C2_ER_IRQHandler
                0x0000000008000444                DMA2_Stream1_IRQHandler
                0x0000000008000444                CAN1_SCE_IRQHandler
                0x0000000008000444                DMA2_Stream4_IRQHandler
                0x0000000008000444                BusFault_Handler
                0x0000000008000444                USART1_IRQHandler
                0x0000000008000444                OTG_FS_IRQHandler
                0x0000000008000444                SPI3_IRQHandler
                0x0000000008000444                DMA1_Stream4_IRQHandler
                0x0000000008000444                I2C1_ER_IRQHandler
                0x0000000008000444                DMA2_Stream6_IRQHandler
                0x0000000008000444                DMA1_Stream3_IRQHandler
 .text.vListInitialise
                0x0000000008000446       0x40 ./ThirdParty/FreeRTOS/list.o
                0x0000000008000446                vListInitialise
 .text.vListInitialiseItem
                0x0000000008000486       0x1a ./ThirdParty/FreeRTOS/list.o
                0x0000000008000486                vListInitialiseItem
 .text.vListInsertEnd
                0x00000000080004a0       0x48 ./ThirdParty/FreeRTOS/list.o
                0x00000000080004a0                vListInsertEnd
 .text.vListInsert
                0x00000000080004e8       0x72 ./ThirdParty/FreeRTOS/list.o
                0x00000000080004e8                vListInsert
 .text.uxListRemove
                0x000000000800055a       0x54 ./ThirdParty/FreeRTOS/list.o
                0x000000000800055a                uxListRemove
 .text.xTaskCreate
                0x00000000080005ae       0x82 ./ThirdParty/FreeRTOS/tasks.o
                0x00000000080005ae                xTaskCreate
 .text.prvInitialiseNewTask
                0x0000000008000630      0x148 ./ThirdParty/FreeRTOS/tasks.o
 .text.prvAddNewTaskToReadyList
                0x0000000008000778       0xd4 ./ThirdParty/FreeRTOS/tasks.o
 .text.xTaskDelayUntil
                0x000000000800084c       0xfc ./ThirdParty/FreeRTOS/tasks.o
                0x000000000800084c                xTaskDelayUntil
 .text.vTaskDelay
                0x0000000008000948       0x68 ./ThirdParty/FreeRTOS/tasks.o
                0x0000000008000948                vTaskDelay
 .text.vTaskStartScheduler
                0x00000000080009b0       0xa8 ./ThirdParty/FreeRTOS/tasks.o
                0x00000000080009b0                vTaskStartScheduler
 .text.vTaskSuspendAll
                0x0000000008000a58       0x1c ./ThirdParty/FreeRTOS/tasks.o
                0x0000000008000a58                vTaskSuspendAll
 .text.xTaskResumeAll
                0x0000000008000a74      0x138 ./ThirdParty/FreeRTOS/tasks.o
                0x0000000008000a74                xTaskResumeAll
 .text.xTaskGetTickCount
                0x0000000008000bac       0x20 ./ThirdParty/FreeRTOS/tasks.o
                0x0000000008000bac                xTaskGetTickCount
 .text.xTaskIncrementTick
                0x0000000008000bcc      0x170 ./ThirdParty/FreeRTOS/tasks.o
                0x0000000008000bcc                xTaskIncrementTick
 .text.vTaskSwitchContext
                0x0000000008000d3c       0xc4 ./ThirdParty/FreeRTOS/tasks.o
                0x0000000008000d3c                vTaskSwitchContext
 .text.prvIdleTask
                0x0000000008000e00       0x30 ./ThirdParty/FreeRTOS/tasks.o
 .text.prvInitialiseTaskLists
                0x0000000008000e30       0x80 ./ThirdParty/FreeRTOS/tasks.o
 .text.prvCheckTasksWaitingTermination
                0x0000000008000eb0       0x5c ./ThirdParty/FreeRTOS/tasks.o
 .text.prvDeleteTCB
                0x0000000008000f0c       0x2a ./ThirdParty/FreeRTOS/tasks.o
 *fill*         0x0000000008000f36        0x2 
 .text.prvResetNextTaskUnblockTime
                0x0000000008000f38       0x38 ./ThirdParty/FreeRTOS/tasks.o
 .text.prvAddCurrentTaskToDelayedList
                0x0000000008000f70       0xcc ./ThirdParty/FreeRTOS/tasks.o
 .text.pxPortInitialiseStack
                0x000000000800103c       0x68 ./ThirdParty/FreeRTOS/portable/GCC/ARM_CM4F/port.o
                0x000000000800103c                pxPortInitialiseStack
 .text.prvTaskExitError
                0x00000000080010a4       0x58 ./ThirdParty/FreeRTOS/portable/GCC/ARM_CM4F/port.o
 *fill*         0x00000000080010fc        0x4 
 .text.SVC_Handler
                0x0000000008001100       0x28 ./ThirdParty/FreeRTOS/portable/GCC/ARM_CM4F/port.o
                0x0000000008001100                SVC_Handler
 .text.prvPortStartFirstTask
                0x0000000008001128       0x2c ./ThirdParty/FreeRTOS/portable/GCC/ARM_CM4F/port.o
 .text.xPortStartScheduler
                0x0000000008001154      0x144 ./ThirdParty/FreeRTOS/portable/GCC/ARM_CM4F/port.o
                0x0000000008001154                xPortStartScheduler
 .text.vPortEnterCritical
                0x0000000008001298       0x60 ./ThirdParty/FreeRTOS/portable/GCC/ARM_CM4F/port.o
                0x0000000008001298                vPortEnterCritical
 .text.vPortExitCritical
                0x00000000080012f8       0x54 ./ThirdParty/FreeRTOS/portable/GCC/ARM_CM4F/port.o
                0x00000000080012f8                vPortExitCritical
 *fill*         0x000000000800134c        0x4 
 .text.PendSV_Handler
                0x0000000008001350       0x68 ./ThirdParty/FreeRTOS/portable/GCC/ARM_CM4F/port.o
                0x0000000008001350                PendSV_Handler
 .text.SysTick_Handler
                0x00000000080013b8       0x44 ./ThirdParty/FreeRTOS/portable/GCC/ARM_CM4F/port.o
                0x00000000080013b8                SysTick_Handler
 .text.vPortSetupTimerInterrupt
                0x00000000080013fc       0x48 ./ThirdParty/FreeRTOS/portable/GCC/ARM_CM4F/port.o
                0x00000000080013fc                vPortSetupTimerInterrupt
 .text.vPortEnableVFP
                0x0000000008001444       0x18 ./ThirdParty/FreeRTOS/portable/GCC/ARM_CM4F/port.o
 .text.pvPortMalloc
                0x000000000800145c      0x198 ./ThirdParty/FreeRTOS/portable/MemMang/heap_4.o
                0x000000000800145c                pvPortMalloc
 .text.vPortFree
                0x00000000080015f4       0xc4 ./ThirdParty/FreeRTOS/portable/MemMang/heap_4.o
                0x00000000080015f4                vPortFree
 .text.prvHeapInit
                0x00000000080016b8       0xc4 ./ThirdParty/FreeRTOS/portable/MemMang/heap_4.o
 .text.prvInsertBlockIntoFreeList
                0x000000000800177c       0xb4 ./ThirdParty/FreeRTOS/portable/MemMang/heap_4.o
 .text.__libc_init_array
                0x0000000008001830       0x48 c:/st/stm32cubeide_1.10.1/stm32cubeide/plugins/com.st.stm32cube.ide.mcu.externaltools.gnu-tools-for-stm32.10.3-2021.10.win32_1.0.0.202111181127/tools/bin/../lib/gcc/arm-none-eabi/10.3.1/../../../../arm-none-eabi/lib/thumb/v7e-m+fp/hard\libc_nano.a(lib_a-init.o)
                0x0000000008001830                __libc_init_array
 .text.__retarget_lock_acquire_recursive
                0x0000000008001878        0x2 c:/st/stm32cubeide_1.10.1/stm32cubeide/plugins/com.st.stm32cube.ide.mcu.externaltools.gnu-tools-for-stm32.10.3-2021.10.win32_1.0.0.202111181127/tools/bin/../lib/gcc/arm-none-eabi/10.3.1/../../../../arm-none-eabi/lib/thumb/v7e-m+fp/hard\libc_nano.a(lib_a-lock.o)
                0x0000000008001878                __retarget_lock_acquire_recursive
 .text.__retarget_lock_release_recursive
                0x000000000800187a        0x2 c:/st/stm32cubeide_1.10.1/stm32cubeide/plugins/com.st.stm32cube.ide.mcu.externaltools.gnu-tools-for-stm32.10.3-2021.10.win32_1.0.0.202111181127/tools/bin/../lib/gcc/arm-none-eabi/10.3.1/../../../../arm-none-eabi/lib/thumb/v7e-m+fp/hard\libc_nano.a(lib_a-lock.o)
                0x000000000800187a                __retarget_lock_release_recursive
 .text.memset   0x000000000800187c       0x10 c:/st/stm32cubeide_1.10.1/stm32cubeide/plugins/com.st.stm32cube.ide.mcu.externaltools.gnu-tools-for-stm32.10.3-2021.10.win32_1.0.0.202111181127/tools/bin/../lib/gcc/arm-none-eabi/10.3.1/../../../../arm-none-eabi/lib/thumb/v7e-m+fp/hard\libc_nano.a(lib_a-memset.o)
                0x000000000800187c                memset
 .text.cleanup_glue
                0x000000000800188c       0x1a c:/st/stm32cubeide_1.10.1/stm32cubeide/plugins/com.st.stm32cube.ide.mcu.externaltools.gnu-tools-for-stm32.10.3-2021.10.win32_1.0.0.202111181127/tools/bin/../lib/gcc/arm-none-eabi/10.3.1/../../../../arm-none-eabi/lib/thumb/v7e-m+fp/hard\libc_nano.a(lib_a-reent.o)
                0x000000000800188c                cleanup_glue
 *fill*         0x00000000080018a6        0x2 
 .text._reclaim_reent
                0x00000000080018a8       0xb8 c:/st/stm32cubeide_1.10.1/stm32cubeide/plugins/com.st.stm32cube.ide.mcu.externaltools.gnu-tools-for-stm32.10.3-2021.10.win32_1.0.0.202111181127/tools/bin/../lib/gcc/arm-none-eabi/10.3.1/../../../../arm-none-eabi/lib/thumb/v7e-m+fp/hard\libc_nano.a(lib_a-reent.o)
                0x00000000080018a8                _reclaim_reent
 .text.__malloc_lock
                0x0000000008001960        0xc c:/st/stm32cubeide_1.10.1/stm32cubeide/plugins/com.st.stm32cube.ide.mcu.externaltools.gnu-tools-for-stm32.10.3-2021.10.win32_1.0.0.202111181127/tools/bin/../lib/gcc/arm-none-eabi/10.3.1/../../../../arm-none-eabi/lib/thumb/v7e-m+fp/hard\libc_nano.a(lib_a-mlock.o)
                0x0000000008001960                __malloc_lock
 .text.__malloc_unlock
                0x000000000800196c        0xc c:/st/stm32cubeide_1.10.1/stm32cubeide/plugins/com.st.stm32cube.ide.mcu.externaltools.gnu-tools-for-stm32.10.3-2021.10.win32_1.0.0.202111181127/tools/bin/../lib/gcc/arm-none-eabi/10.3.1/../../../../arm-none-eabi/lib/thumb/v7e-m+fp/hard\libc_nano.a(lib_a-mlock.o)
                0x000000000800196c                __malloc_unlock
 .text._free_r  0x0000000008001978       0x98 c:/st/stm32cubeide_1.10.1/stm32cubeide/plugins/com.st.stm32cube.ide.mcu.externaltools.gnu-tools-for-stm32.10.3-2021.10.win32_1.0.0.202111181127/tools/bin/../lib/gcc/arm-none-eabi/10.3.1/../../../../arm-none-eabi/lib/thumb/v7e-m+fp/hard\libc_nano.a(lib_a-nano-freer.o)
                0x0000000008001978                _free_r
 *(.glue_7)
 .glue_7        0x0000000008001a10        0x0 linker stubs
 *(.glue_7t)
 .glue_7t       0x0000000008001a10        0x0 linker stubs
 *(.eh_frame)
 .eh_frame      0x0000000008001a10        0x0 c:/st/stm32cubeide_1.10.1/stm32cubeide/plugins/com.st.stm32cube.ide.mcu.externaltools.gnu-tools-for-stm32.10.3-2021.10.win32_1.0.0.202111181127/tools/bin/../lib/gcc/arm-none-eabi/10.3.1/thumb/v7e-m+fp/hard/crtbegin.o
 *(.init)
 .init          0x0000000008001a10        0x4 c:/st/stm32cubeide_1.10.1/stm32cubeide/plugins/com.st.stm32cube.ide.mcu.externaltools.gnu-tools-for-stm32.10.3-2021.10.win32_1.0.0.202111181127/tools/bin/../lib/gcc/arm-none-eabi/10.3.1/thumb/v7e-m+fp/hard/crti.o
                0x0000000008001a10                _init
 .init          0x0000000008001a14        0x8 c:/st/stm32cubeide_1.10.1/stm32cubeide/plugins/com.st.stm32cube.ide.mcu.externaltools.gnu-tools-for-stm32.10.3-2021.10.win32_1.0.0.202111181127/tools/bin/../lib/gcc/arm-none-eabi/10.3.1/thumb/v7e-m+fp/hard/crtn.o
 *(.fini)
 .fini          0x0000000008001a1c        0x4 c:/st/stm32cubeide_1.10.1/stm32cubeide/plugins/com.st.stm32cube.ide.mcu.externaltools.gnu-tools-for-stm32.10.3-2021.10.win32_1.0.0.202111181127/tools/bin/../lib/gcc/arm-none-eabi/10.3.1/thumb/v7e-m+fp/hard/crti.o
                0x0000000008001a1c                _fini
 .fini          0x0000000008001a20        0x8 c:/st/stm32cubeide_1.10.1/stm32cubeide/plugins/com.st.stm32cube.ide.mcu.externaltools.gnu-tools-for-stm32.10.3-2021.10.win32_1.0.0.202111181127/tools/bin/../lib/gcc/arm-none-eabi/10.3.1/thumb/v7e-m+fp/hard/crtn.o
                0x0000000008001a28                . = ALIGN (0x4)
                0x0000000008001a28                _etext = .

.vfp11_veneer   0x0000000008001a28        0x0
 .vfp11_veneer  0x0000000008001a28        0x0 linker stubs

.v4_bx          0x0000000008001a28        0x0
 .v4_bx         0x0000000008001a28        0x0 linker stubs

.iplt           0x0000000008001a28        0x0
 .iplt          0x0000000008001a28        0x0 c:/st/stm32cubeide_1.10.1/stm32cubeide/plugins/com.st.stm32cube.ide.mcu.externaltools.gnu-tools-for-stm32.10.3-2021.10.win32_1.0.0.202111181127/tools/bin/../lib/gcc/arm-none-eabi/10.3.1/thumb/v7e-m+fp/hard/crtbegin.o

.rodata         0x0000000008001a28       0x78
                0x0000000008001a28                . = ALIGN (0x4)
 *(.rodata)
 .rodata        0x0000000008001a28        0xe ./Src/main.o
 *fill*         0x0000000008001a36        0x2 
 .rodata        0x0000000008001a38        0x5 ./ThirdParty/FreeRTOS/tasks.o
 *(.rodata*)
 *fill*         0x0000000008001a3d        0x3 
 .rodata.__sf_fake_stderr
                0x0000000008001a40       0x20 c:/st/stm32cubeide_1.10.1/stm32cubeide/plugins/com.st.stm32cube.ide.mcu.externaltools.gnu-tools-for-stm32.10.3-2021.10.win32_1.0.0.202111181127/tools/bin/../lib/gcc/arm-none-eabi/10.3.1/../../../../arm-none-eabi/lib/thumb/v7e-m+fp/hard\libc_nano.a(lib_a-findfp.o)
                0x0000000008001a40                __sf_fake_stderr
 .rodata.__sf_fake_stdin
                0x0000000008001a60       0x20 c:/st/stm32cubeide_1.10.1/stm32cubeide/plugins/com.st.stm32cube.ide.mcu.externaltools.gnu-tools-for-stm32.10.3-2021.10.win32_1.0.0.202111181127/tools/bin/../lib/gcc/arm-none-eabi/10.3.1/../../../../arm-none-eabi/lib/thumb/v7e-m+fp/hard\libc_nano.a(lib_a-findfp.o)
                0x0000000008001a60                __sf_fake_stdin
 .rodata.__sf_fake_stdout
                0x0000000008001a80       0x20 c:/st/stm32cubeide_1.10.1/stm32cubeide/plugins/com.st.stm32cube.ide.mcu.externaltools.gnu-tools-for-stm32.10.3-2021.10.win32_1.0.0.202111181127/tools/bin/../lib/gcc/arm-none-eabi/10.3.1/../../../../arm-none-eabi/lib/thumb/v7e-m+fp/hard\libc_nano.a(lib_a-findfp.o)
                0x0000000008001a80                __sf_fake_stdout
                0x0000000008001aa0                . = ALIGN (0x4)

.rel.dyn        0x0000000008001aa0        0x0
 .rel.iplt      0x0000000008001aa0        0x0 c:/st/stm32cubeide_1.10.1/stm32cubeide/plugins/com.st.stm32cube.ide.mcu.externaltools.gnu-tools-for-stm32.10.3-2021.10.win32_1.0.0.202111181127/tools/bin/../lib/gcc/arm-none-eabi/10.3.1/thumb/v7e-m+fp/hard/crtbegin.o

.ARM.extab      0x0000000008001aa0        0x0
                0x0000000008001aa0                . = ALIGN (0x4)
 *(.ARM.extab* .gnu.linkonce.armextab.*)
                0x0000000008001aa0                . = ALIGN (0x4)

.ARM            0x0000000008001aa0        0x0
                0x0000000008001aa0                . = ALIGN (0x4)
                0x0000000008001aa0                __exidx_start = .
 *(.ARM.exidx*)
                0x0000000008001aa0                __exidx_end = .
                0x0000000008001aa0                . = ALIGN (0x4)

.preinit_array  0x0000000008001aa0        0x0
                0x0000000008001aa0                . = ALIGN (0x4)
                0x0000000008001aa0                PROVIDE (__preinit_array_start = .)
 *(.preinit_array*)
                0x0000000008001aa0                PROVIDE (__preinit_array_end = .)
                0x0000000008001aa0                . = ALIGN (0x4)

.init_array     0x0000000008001aa0        0x4
                0x0000000008001aa0                . = ALIGN (0x4)
                0x0000000008001aa0                PROVIDE (__init_array_start = .)
 *(SORT_BY_NAME(.init_array.*))
 *(.init_array*)
 .init_array    0x0000000008001aa0        0x4 c:/st/stm32cubeide_1.10.1/stm32cubeide/plugins/com.st.stm32cube.ide.mcu.externaltools.gnu-tools-for-stm32.10.3-2021.10.win32_1.0.0.202111181127/tools/bin/../lib/gcc/arm-none-eabi/10.3.1/thumb/v7e-m+fp/hard/crtbegin.o
                0x0000000008001aa4                PROVIDE (__init_array_end = .)
                0x0000000008001aa4                . = ALIGN (0x4)

.fini_array     0x0000000008001aa4        0x4
                0x0000000008001aa4                . = ALIGN (0x4)
                [!provide]                        PROVIDE (__fini_array_start = .)
 *(SORT_BY_NAME(.fini_array.*))
 *(.fini_array*)
 .fini_array    0x0000000008001aa4        0x4 c:/st/stm32cubeide_1.10.1/stm32cubeide/plugins/com.st.stm32cube.ide.mcu.externaltools.gnu-tools-for-stm32.10.3-2021.10.win32_1.0.0.202111181127/tools/bin/../lib/gcc/arm-none-eabi/10.3.1/thumb/v7e-m+fp/hard/crtbegin.o
                [!provide]                        PROVIDE (__fini_array_end = .)
                0x0000000008001aa8                . = ALIGN (0x4)
                0x0000000008001aa8                _sidata = LOADADDR (.data)

.data           0x0000000020000000       0x70 load address 0x0000000008001aa8
                0x0000000020000000                . = ALIGN (0x4)
                0x0000000020000000                _sdata = .
 *(.data)
 *(.data*)
 .data.SystemCoreClock
                0x0000000020000000        0x4 ./Src/system_stm32f4xx.o
                0x0000000020000000                SystemCoreClock
 .data.uxTopUsedPriority
                0x0000000020000004        0x4 ./ThirdParty/FreeRTOS/tasks.o
                0x0000000020000004                uxTopUsedPriority
 .data.uxCriticalNesting
                0x0000000020000008        0x4 ./ThirdParty/FreeRTOS/portable/GCC/ARM_CM4F/port.o
 .data._impure_ptr
                0x000000002000000c        0x4 c:/st/stm32cubeide_1.10.1/stm32cubeide/plugins/com.st.stm32cube.ide.mcu.externaltools.gnu-tools-for-stm32.10.3-2021.10.win32_1.0.0.202111181127/tools/bin/../lib/gcc/arm-none-eabi/10.3.1/../../../../arm-none-eabi/lib/thumb/v7e-m+fp/hard\libc_nano.a(lib_a-impure.o)
                0x000000002000000c                _impure_ptr
 .data.impure_data
                0x0000000020000010       0x60 c:/st/stm32cubeide_1.10.1/stm32cubeide/plugins/com.st.stm32cube.ide.mcu.externaltools.gnu-tools-for-stm32.10.3-2021.10.win32_1.0.0.202111181127/tools/bin/../lib/gcc/arm-none-eabi/10.3.1/../../../../arm-none-eabi/lib/thumb/v7e-m+fp/hard\libc_nano.a(lib_a-impure.o)
 *(.RamFunc)
 *(.RamFunc*)
                0x0000000020000070                . = ALIGN (0x4)
                0x0000000020000070                _edata = .
                0x0000000008001b18                _siccmram = LOADADDR (.ccmram)

.igot.plt       0x0000000020000070        0x0 load address 0x0000000008001b18
 .igot.plt      0x0000000020000070        0x0 c:/st/stm32cubeide_1.10.1/stm32cubeide/plugins/com.st.stm32cube.ide.mcu.externaltools.gnu-tools-for-stm32.10.3-2021.10.win32_1.0.0.202111181127/tools/bin/../lib/gcc/arm-none-eabi/10.3.1/thumb/v7e-m+fp/hard/crtbegin.o

.ccmram         0x0000000010000000        0x0 load address 0x0000000008001b18
                0x0000000010000000                . = ALIGN (0x4)
                0x0000000010000000                _sccmram = .
 *(.ccmram)
 *(.ccmram*)
                0x0000000010000000                . = ALIGN (0x4)
                0x0000000010000000                _eccmram = .
                0x0000000010000000                . = ALIGN (0x4)

.bss            0x0000000020000070     0x3d78
                0x0000000020000070                _sbss = .
                0x0000000020000070                __bss_start__ = _sbss
 *(.bss)
 .bss           0x0000000020000070       0x1c c:/st/stm32cubeide_1.10.1/stm32cubeide/plugins/com.st.stm32cube.ide.mcu.externaltools.gnu-tools-for-stm32.10.3-2021.10.win32_1.0.0.202111181127/tools/bin/../lib/gcc/arm-none-eabi/10.3.1/thumb/v7e-m+fp/hard/crtbegin.o
 *(.bss*)
 .bss.pxCurrentTCB
                0x000000002000008c        0x4 ./ThirdParty/FreeRTOS/tasks.o
                0x000000002000008c                pxCurrentTCB
 .bss.pxReadyTasksLists
                0x0000000020000090       0x8c ./ThirdParty/FreeRTOS/tasks.o
 .bss.xDelayedTaskList1
                0x000000002000011c       0x14 ./ThirdParty/FreeRTOS/tasks.o
 .bss.xDelayedTaskList2
                0x0000000020000130       0x14 ./ThirdParty/FreeRTOS/tasks.o
 .bss.pxDelayedTaskList
                0x0000000020000144        0x4 ./ThirdParty/FreeRTOS/tasks.o
 .bss.pxOverflowDelayedTaskList
                0x0000000020000148        0x4 ./ThirdParty/FreeRTOS/tasks.o
 .bss.xPendingReadyList
                0x000000002000014c       0x14 ./ThirdParty/FreeRTOS/tasks.o
 .bss.xTasksWaitingTermination
                0x0000000020000160       0x14 ./ThirdParty/FreeRTOS/tasks.o
 .bss.uxDeletedTasksWaitingCleanUp
                0x0000000020000174        0x4 ./ThirdParty/FreeRTOS/tasks.o
 .bss.xSuspendedTaskList
                0x0000000020000178       0x14 ./ThirdParty/FreeRTOS/tasks.o
 .bss.uxCurrentNumberOfTasks
                0x000000002000018c        0x4 ./ThirdParty/FreeRTOS/tasks.o
 .bss.xTickCount
                0x0000000020000190        0x4 ./ThirdParty/FreeRTOS/tasks.o
 .bss.uxTopReadyPriority
                0x0000000020000194        0x4 ./ThirdParty/FreeRTOS/tasks.o
 .bss.xSchedulerRunning
                0x0000000020000198        0x4 ./ThirdParty/FreeRTOS/tasks.o
 .bss.xPendedTicks
                0x000000002000019c        0x4 ./ThirdParty/FreeRTOS/tasks.o
 .bss.xYieldPending
                0x00000000200001a0        0x4 ./ThirdParty/FreeRTOS/tasks.o
 .bss.xNumOfOverflows
                0x00000000200001a4        0x4 ./ThirdParty/FreeRTOS/tasks.o
 .bss.uxTaskNumber
                0x00000000200001a8        0x4 ./ThirdParty/FreeRTOS/tasks.o
 .bss.xNextTaskUnblockTime
                0x00000000200001ac        0x4 ./ThirdParty/FreeRTOS/tasks.o
 .bss.xIdleTaskHandle
                0x00000000200001b0        0x4 ./ThirdParty/FreeRTOS/tasks.o
 .bss.uxSchedulerSuspended
                0x00000000200001b4        0x4 ./ThirdParty/FreeRTOS/tasks.o
 .bss.ucMaxSysCallPriority
                0x00000000200001b8        0x1 ./ThirdParty/FreeRTOS/portable/GCC/ARM_CM4F/port.o
 *fill*         0x00000000200001b9        0x3 
 .bss.ulMaxPRIGROUPValue
                0x00000000200001bc        0x4 ./ThirdParty/FreeRTOS/portable/GCC/ARM_CM4F/port.o
 .bss.ucHeap    0x00000000200001c0     0x3c00 ./ThirdParty/FreeRTOS/portable/MemMang/heap_4.o
 .bss.xStart    0x0000000020003dc0        0x8 ./ThirdParty/FreeRTOS/portable/MemMang/heap_4.o
 .bss.pxEnd     0x0000000020003dc8        0x4 ./ThirdParty/FreeRTOS/portable/MemMang/heap_4.o
 .bss.xFreeBytesRemaining
                0x0000000020003dcc        0x4 ./ThirdParty/FreeRTOS/portable/MemMang/heap_4.o
 .bss.xMinimumEverFreeBytesRemaining
                0x0000000020003dd0        0x4 ./ThirdParty/FreeRTOS/portable/MemMang/heap_4.o
 .bss.xNumberOfSuccessfulAllocations
                0x0000000020003dd4        0x4 ./ThirdParty/FreeRTOS/portable/MemMang/heap_4.o
 .bss.xNumberOfSuccessfulFrees
                0x0000000020003dd8        0x4 ./ThirdParty/FreeRTOS/portable/MemMang/heap_4.o
 .bss.xBlockAllocatedBit
                0x0000000020003ddc        0x4 ./ThirdParty/FreeRTOS/portable/MemMang/heap_4.o
 .bss.__lock___malloc_recursive_mutex
                0x0000000020003de0        0x1 c:/st/stm32cubeide_1.10.1/stm32cubeide/plugins/com.st.stm32cube.ide.mcu.externaltools.gnu-tools-for-stm32.10.3-2021.10.win32_1.0.0.202111181127/tools/bin/../lib/gcc/arm-none-eabi/10.3.1/../../../../arm-none-eabi/lib/thumb/v7e-m+fp/hard\libc_nano.a(lib_a-lock.o)
                0x0000000020003de0                __lock___malloc_recursive_mutex
 *fill*         0x0000000020003de1        0x3 
 .bss.__malloc_free_list
                0x0000000020003de4        0x4 c:/st/stm32cubeide_1.10.1/stm32cubeide/plugins/com.st.stm32cube.ide.mcu.externaltools.gnu-tools-for-stm32.10.3-2021.10.win32_1.0.0.202111181127/tools/bin/../lib/gcc/arm-none-eabi/10.3.1/../../../../arm-none-eabi/lib/thumb/v7e-m+fp/hard\libc_nano.a(lib_a-nano-mallocr.o)
                0x0000000020003de4                __malloc_free_list
 *(COMMON)
                0x0000000020003de8                . = ALIGN (0x4)
                0x0000000020003de8                _ebss = .
                0x0000000020003de8                __bss_end__ = _ebss

._user_heap_stack
                0x0000000020003de8      0x600
                0x0000000020003de8                . = ALIGN (0x8)
                [!provide]                        PROVIDE (end = .)
                0x0000000020003de8                PROVIDE (_end = .)
                0x0000000020003fe8                . = (. + _Min_Heap_Size)
 *fill*         0x0000000020003de8      0x200 
                0x00000000200043e8                . = (. + _Min_Stack_Size)
 *fill*         0x0000000020003fe8      0x400 
                0x00000000200043e8                . = ALIGN (0x8)

/DISCARD/
 libc.a(*)
 libm.a(*)
 libgcc.a(*)

.ARM.attributes
                0x0000000000000000       0x30
 *(.ARM.attributes)
 .ARM.attributes
                0x0000000000000000       0x1e c:/st/stm32cubeide_1.10.1/stm32cubeide/plugins/com.st.stm32cube.ide.mcu.externaltools.gnu-tools-for-stm32.10.3-2021.10.win32_1.0.0.202111181127/tools/bin/../lib/gcc/arm-none-eabi/10.3.1/thumb/v7e-m+fp/hard/crti.o
 .ARM.attributes
                0x000000000000001e       0x34 c:/st/stm32cubeide_1.10.1/stm32cubeide/plugins/com.st.stm32cube.ide.mcu.externaltools.gnu-tools-for-stm32.10.3-2021.10.win32_1.0.0.202111181127/tools/bin/../lib/gcc/arm-none-eabi/10.3.1/thumb/v7e-m+fp/hard/crtbegin.o
 .ARM.attributes
                0x0000000000000052       0x34 ./Src/led.o
 .ARM.attributes
                0x0000000000000086       0x34 ./Src/main.o
 .ARM.attributes
                0x00000000000000ba       0x34 ./Src/system_stm32f4xx.o
 .ARM.attributes
                0x00000000000000ee       0x21 ./Startup/startup_stm32f407vgtx.o
 .ARM.attributes
                0x000000000000010f       0x34 ./ThirdParty/FreeRTOS/list.o
 .ARM.attributes
                0x0000000000000143       0x34 ./ThirdParty/FreeRTOS/tasks.o
 .ARM.attributes
                0x0000000000000177       0x34 ./ThirdParty/FreeRTOS/portable/GCC/ARM_CM4F/port.o
 .ARM.attributes
                0x00000000000001ab       0x34 ./ThirdParty/FreeRTOS/portable/MemMang/heap_4.o
 .ARM.attributes
                0x00000000000001df       0x34 c:/st/stm32cubeide_1.10.1/stm32cubeide/plugins/com.st.stm32cube.ide.mcu.externaltools.gnu-tools-for-stm32.10.3-2021.10.win32_1.0.0.202111181127/tools/bin/../lib/gcc/arm-none-eabi/10.3.1/../../../../arm-none-eabi/lib/thumb/v7e-m+fp/hard\libc_nano.a(lib_a-findfp.o)
 .ARM.attributes
                0x0000000000000213       0x34 c:/st/stm32cubeide_1.10.1/stm32cubeide/plugins/com.st.stm32cube.ide.mcu.externaltools.gnu-tools-for-stm32.10.3-2021.10.win32_1.0.0.202111181127/tools/bin/../lib/gcc/arm-none-eabi/10.3.1/../../../../arm-none-eabi/lib/thumb/v7e-m+fp/hard\libc_nano.a(lib_a-impure.o)
 .ARM.attributes
                0x0000000000000247       0x34 c:/st/stm32cubeide_1.10.1/stm32cubeide/plugins/com.st.stm32cube.ide.mcu.externaltools.gnu-tools-for-stm32.10.3-2021.10.win32_1.0.0.202111181127/tools/bin/../lib/gcc/arm-none-eabi/10.3.1/../../../../arm-none-eabi/lib/thumb/v7e-m+fp/hard\libc_nano.a(lib_a-init.o)
 .ARM.attributes
                0x000000000000027b       0x34 c:/st/stm32cubeide_1.10.1/stm32cubeide/plugins/com.st.stm32cube.ide.mcu.externaltools.gnu-tools-for-stm32.10.3-2021.10.win32_1.0.0.202111181127/tools/bin/../lib/gcc/arm-none-eabi/10.3.1/../../../../arm-none-eabi/lib/thumb/v7e-m+fp/hard\libc_nano.a(lib_a-lock.o)
 .ARM.attributes
                0x00000000000002af       0x34 c:/st/stm32cubeide_1.10.1/stm32cubeide/plugins/com.st.stm32cube.ide.mcu.externaltools.gnu-tools-for-stm32.10.3-2021.10.win32_1.0.0.202111181127/tools/bin/../lib/gcc/arm-none-eabi/10.3.1/../../../../arm-none-eabi/lib/thumb/v7e-m+fp/hard\libc_nano.a(lib_a-memset.o)
 .ARM.attributes
                0x00000000000002e3       0x34 c:/st/stm32cubeide_1.10.1/stm32cubeide/plugins/com.st.stm32cube.ide.mcu.externaltools.gnu-tools-for-stm32.10.3-2021.10.win32_1.0.0.202111181127/tools/bin/../lib/gcc/arm-none-eabi/10.3.1/../../../../arm-none-eabi/lib/thumb/v7e-m+fp/hard\libc_nano.a(lib_a-nano-mallocr.o)
 .ARM.attributes
                0x0000000000000317       0x34 c:/st/stm32cubeide_1.10.1/stm32cubeide/plugins/com.st.stm32cube.ide.mcu.externaltools.gnu-tools-for-stm32.10.3-2021.10.win32_1.0.0.202111181127/tools/bin/../lib/gcc/arm-none-eabi/10.3.1/../../../../arm-none-eabi/lib/thumb/v7e-m+fp/hard\libc_nano.a(lib_a-reent.o)
 .ARM.attributes
                0x000000000000034b       0x34 c:/st/stm32cubeide_1.10.1/stm32cubeide/plugins/com.st.stm32cube.ide.mcu.externaltools.gnu-tools-for-stm32.10.3-2021.10.win32_1.0.0.202111181127/tools/bin/../lib/gcc/arm-none-eabi/10.3.1/../../../../arm-none-eabi/lib/thumb/v7e-m+fp/hard\libc_nano.a(lib_a-mlock.o)
 .ARM.attributes
                0x000000000000037f       0x34 c:/st/stm32cubeide_1.10.1/stm32cubeide/plugins/com.st.stm32cube.ide.mcu.externaltools.gnu-tools-for-stm32.10.3-2021.10.win32_1.0.0.202111181127/tools/bin/../lib/gcc/arm-none-eabi/10.3.1/../../../../arm-none-eabi/lib/thumb/v7e-m+fp/hard\libc_nano.a(lib_a-nano-freer.o)
 .ARM.attributes
                0x00000000000003b3       0x1e c:/st/stm32cubeide_1.10.1/stm32cubeide/plugins/com.st.stm32cube.ide.mcu.externaltools.gnu-tools-for-stm32.10.3-2021.10.win32_1.0.0.202111181127/tools/bin/../lib/gcc/arm-none-eabi/10.3.1/thumb/v7e-m+fp/hard/crtn.o
OUTPUT(Multitasking.elf elf32-littlearm)
LOAD linker stubs
LOAD c:/st/stm32cubeide_1.10.1/stm32cubeide/plugins/com.st.stm32cube.ide.mcu.externaltools.gnu-tools-for-stm32.10.3-2021.10.win32_1.0.0.202111181127/tools/bin/../lib/gcc/arm-none-eabi/10.3.1/../../../../arm-none-eabi/lib/thumb/v7e-m+fp/hard\libc.a
LOAD c:/st/stm32cubeide_1.10.1/stm32cubeide/plugins/com.st.stm32cube.ide.mcu.externaltools.gnu-tools-for-stm32.10.3-2021.10.win32_1.0.0.202111181127/tools/bin/../lib/gcc/arm-none-eabi/10.3.1/../../../../arm-none-eabi/lib/thumb/v7e-m+fp/hard\libm.a
LOAD c:/st/stm32cubeide_1.10.1/stm32cubeide/plugins/com.st.stm32cube.ide.mcu.externaltools.gnu-tools-for-stm32.10.3-2021.10.win32_1.0.0.202111181127/tools/bin/../lib/gcc/arm-none-eabi/10.3.1/thumb/v7e-m+fp/hard\libgcc.a

.debug_info     0x0000000000000000     0x3f6d
 .debug_info    0x0000000000000000      0x3af ./Src/led.o
 .debug_info    0x00000000000003af      0x261 ./Src/main.o
 .debug_info    0x0000000000000610      0x713 ./Src/system_stm32f4xx.o
 .debug_info    0x0000000000000d23       0x22 ./Startup/startup_stm32f407vgtx.o
 .debug_info    0x0000000000000d45      0x2d1 ./ThirdParty/FreeRTOS/list.o
 .debug_info    0x0000000000001016     0x2545 ./ThirdParty/FreeRTOS/tasks.o
 .debug_info    0x000000000000355b      0x507 ./ThirdParty/FreeRTOS/portable/GCC/ARM_CM4F/port.o
 .debug_info    0x0000000000003a62      0x50b ./ThirdParty/FreeRTOS/portable/MemMang/heap_4.o

.debug_abbrev   0x0000000000000000      0xcc6
 .debug_abbrev  0x0000000000000000       0xdc ./Src/led.o
 .debug_abbrev  0x00000000000000dc      0x15a ./Src/main.o
 .debug_abbrev  0x0000000000000236      0x15f ./Src/system_stm32f4xx.o
 .debug_abbrev  0x0000000000000395       0x12 ./Startup/startup_stm32f407vgtx.o
 .debug_abbrev  0x00000000000003a7       0xf2 ./ThirdParty/FreeRTOS/list.o
 .debug_abbrev  0x0000000000000499      0x3c2 ./ThirdParty/FreeRTOS/tasks.o
 .debug_abbrev  0x000000000000085b      0x259 ./ThirdParty/FreeRTOS/portable/GCC/ARM_CM4F/port.o
 .debug_abbrev  0x0000000000000ab4      0x212 ./ThirdParty/FreeRTOS/portable/MemMang/heap_4.o

.debug_aranges  0x0000000000000000      0x398
 .debug_aranges
                0x0000000000000000       0x38 ./Src/led.o
 .debug_aranges
                0x0000000000000038       0x30 ./Src/main.o
 .debug_aranges
                0x0000000000000068       0x38 ./Src/system_stm32f4xx.o
 .debug_aranges
                0x00000000000000a0       0x28 ./Startup/startup_stm32f407vgtx.o
 .debug_aranges
                0x00000000000000c8       0x40 ./ThirdParty/FreeRTOS/list.o
 .debug_aranges
                0x0000000000000108      0x1b8 ./ThirdParty/FreeRTOS/tasks.o
 .debug_aranges
                0x00000000000002c0       0x80 ./ThirdParty/FreeRTOS/portable/GCC/ARM_CM4F/port.o
 .debug_aranges
                0x0000000000000340       0x58 ./ThirdParty/FreeRTOS/portable/MemMang/heap_4.o

.debug_ranges   0x0000000000000000      0x320
 .debug_ranges  0x0000000000000000       0x28 ./Src/led.o
 .debug_ranges  0x0000000000000028       0x20 ./Src/main.o
 .debug_ranges  0x0000000000000048       0x28 ./Src/system_stm32f4xx.o
 .debug_ranges  0x0000000000000070       0x20 ./Startup/startup_stm32f407vgtx.o
 .debug_ranges  0x0000000000000090       0x30 ./ThirdParty/FreeRTOS/list.o
 .debug_ranges  0x00000000000000c0      0x1a8 ./ThirdParty/FreeRTOS/tasks.o
 .debug_ranges  0x0000000000000268       0x70 ./ThirdParty/FreeRTOS/portable/GCC/ARM_CM4F/port.o
 .debug_ranges  0x00000000000002d8       0x48 ./ThirdParty/FreeRTOS/portable/MemMang/heap_4.o

.debug_macro    0x0000000000000000    0x194b1
 .debug_macro   0x0000000000000000       0xce ./Src/led.o
 .debug_macro   0x00000000000000ce       0x2f ./Src/led.o
 .debug_macro   0x00000000000000fd       0x1c ./Src/led.o
 .debug_macro   0x0000000000000119       0x22 ./Src/led.o
 .debug_macro   0x000000000000013b       0xd9 ./Src/led.o
 .debug_macro   0x0000000000000214     0x102d ./Src/led.o
 .debug_macro   0x0000000000001241      0x11f ./Src/led.o
 .debug_macro   0x0000000000001360    0x15e3c ./Src/led.o
 .debug_macro   0x000000000001719c       0x2e ./Src/led.o
 .debug_macro   0x00000000000171ca      0x2ac ./Src/main.o
 .debug_macro   0x0000000000017476       0x52 ./Src/main.o
 .debug_macro   0x00000000000174c8       0x1e ./Src/main.o
 .debug_macro   0x00000000000174e6       0x3c ./Src/main.o
 .debug_macro   0x0000000000017522       0x34 ./Src/main.o
 .debug_macro   0x0000000000017556       0x16 ./Src/main.o
 .debug_macro   0x000000000001756c       0x97 ./Src/main.o
 .debug_macro   0x0000000000017603      0x341 ./Src/main.o
 .debug_macro   0x0000000000017944       0xfd ./Src/main.o
 .debug_macro   0x0000000000017a41       0x10 ./Src/main.o
 .debug_macro   0x0000000000017a51       0x16 ./Src/main.o
 .debug_macro   0x0000000000017a67       0x43 ./Src/main.o
 .debug_macro   0x0000000000017aaa       0x34 ./Src/main.o
 .debug_macro   0x0000000000017ade       0x10 ./Src/main.o
 .debug_macro   0x0000000000017aee       0x58 ./Src/main.o
 .debug_macro   0x0000000000017b46       0x71 ./Src/main.o
 .debug_macro   0x0000000000017bb7       0x1c ./Src/main.o
 .debug_macro   0x0000000000017bd3      0x12a ./Src/main.o
 .debug_macro   0x0000000000017cfd       0x10 ./Src/main.o
 .debug_macro   0x0000000000017d0d       0x1c ./Src/main.o
 .debug_macro   0x0000000000017d29       0x52 ./Src/main.o
 .debug_macro   0x0000000000017d7b       0x22 ./Src/main.o
 .debug_macro   0x0000000000017d9d       0x10 ./Src/main.o
 .debug_macro   0x0000000000017dad       0x52 ./Src/main.o
 .debug_macro   0x0000000000017dff       0xd5 ./Src/main.o
 .debug_macro   0x0000000000017ed4       0x1c ./Src/main.o
 .debug_macro   0x0000000000017ef0       0x3d ./Src/main.o
 .debug_macro   0x0000000000017f2d       0x16 ./Src/main.o
 .debug_macro   0x0000000000017f43      0x145 ./Src/main.o
 .debug_macro   0x0000000000018088       0xf1 ./Src/main.o
 .debug_macro   0x0000000000018179      0x15a ./Src/main.o
 .debug_macro   0x00000000000182d3       0xe4 ./Src/main.o
 .debug_macro   0x00000000000183b7       0x1c ./Src/main.o
 .debug_macro   0x00000000000183d3       0x26 ./Src/main.o
 .debug_macro   0x00000000000183f9       0x16 ./Src/main.o
 .debug_macro   0x000000000001840f       0x35 ./Src/main.o
 .debug_macro   0x0000000000018444      0x50c ./Src/main.o
 .debug_macro   0x0000000000018950       0xb5 ./Src/main.o
 .debug_macro   0x0000000000018a05      0x120 ./Src/main.o
 .debug_macro   0x0000000000018b25       0xe1 ./Src/system_stm32f4xx.o
 .debug_macro   0x0000000000018c06       0x2e ./Src/system_stm32f4xx.o
 .debug_macro   0x0000000000018c34       0x4a ./Src/system_stm32f4xx.o
 .debug_macro   0x0000000000018c7e      0x1a5 ./ThirdParty/FreeRTOS/list.o
 .debug_macro   0x0000000000018e23      0x28b ./ThirdParty/FreeRTOS/tasks.o
 .debug_macro   0x00000000000190ae       0x10 ./ThirdParty/FreeRTOS/tasks.o
 .debug_macro   0x00000000000190be      0x233 ./ThirdParty/FreeRTOS/portable/GCC/ARM_CM4F/port.o
 .debug_macro   0x00000000000192f1      0x1c0 ./ThirdParty/FreeRTOS/portable/MemMang/heap_4.o

.debug_line     0x0000000000000000     0x42fa
 .debug_line    0x0000000000000000      0x49f ./Src/led.o
 .debug_line    0x000000000000049f      0x731 ./Src/main.o
 .debug_line    0x0000000000000bd0      0x4ef ./Src/system_stm32f4xx.o
 .debug_line    0x00000000000010bf       0x84 ./Startup/startup_stm32f407vgtx.o
 .debug_line    0x0000000000001143      0x6cb ./ThirdParty/FreeRTOS/list.o
 .debug_line    0x000000000000180e     0x1959 ./ThirdParty/FreeRTOS/tasks.o
 .debug_line    0x0000000000003167      0x8a4 ./ThirdParty/FreeRTOS/portable/GCC/ARM_CM4F/port.o
 .debug_line    0x0000000000003a0b      0x8ef ./ThirdParty/FreeRTOS/portable/MemMang/heap_4.o

.debug_str      0x0000000000000000    0x933ac
 .debug_str     0x0000000000000000    0x87759 ./Src/led.o
                                      0x878d6 (size before relaxing)
 .debug_str     0x0000000000087759     0x8b72 ./Src/main.o
                                      0x903c8 (size before relaxing)
 .debug_str     0x00000000000902cb      0x4fb ./Src/system_stm32f4xx.o
                                      0x87d0a (size before relaxing)
 .debug_str     0x00000000000907c6       0x31 ./Startup/startup_stm32f407vgtx.o
                                         0x66 (size before relaxing)
 .debug_str     0x00000000000907f7      0x253 ./ThirdParty/FreeRTOS/list.o
                                       0xa7e5 (size before relaxing)
 .debug_str     0x0000000000090a4a     0x1ee2 ./ThirdParty/FreeRTOS/tasks.o
                                       0xda05 (size before relaxing)
 .debug_str     0x000000000009292c      0x767 ./ThirdParty/FreeRTOS/portable/GCC/ARM_CM4F/port.o
                                       0xac7e (size before relaxing)
 .debug_str     0x0000000000093093      0x319 ./ThirdParty/FreeRTOS/portable/MemMang/heap_4.o
                                       0xbcae (size before relaxing)

.comment        0x0000000000000000       0x50
 .comment       0x0000000000000000       0x50 ./Src/led.o
                                         0x51 (size before relaxing)
 .comment       0x0000000000000050       0x51 ./Src/main.o
 .comment       0x0000000000000050       0x51 ./Src/system_stm32f4xx.o
 .comment       0x0000000000000050       0x51 ./ThirdParty/FreeRTOS/list.o
 .comment       0x0000000000000050       0x51 ./ThirdParty/FreeRTOS/tasks.o
 .comment       0x0000000000000050       0x51 ./ThirdParty/FreeRTOS/portable/GCC/ARM_CM4F/port.o
 .comment       0x0000000000000050       0x51 ./ThirdParty/FreeRTOS/portable/MemMang/heap_4.o

.debug_frame    0x0000000000000000     0x1010
 .debug_frame   0x0000000000000000       0xb0 ./Src/led.o
 .debug_frame   0x00000000000000b0       0x70 ./Src/main.o
 .debug_frame   0x0000000000000120       0x84 ./Src/system_stm32f4xx.o
 .debug_frame   0x00000000000001a4       0xd8 ./ThirdParty/FreeRTOS/list.o
 .debug_frame   0x000000000000027c      0x768 ./ThirdParty/FreeRTOS/tasks.o
 .debug_frame   0x00000000000009e4      0x1a8 ./ThirdParty/FreeRTOS/portable/GCC/ARM_CM4F/port.o
 .debug_frame   0x0000000000000b8c      0x12c ./ThirdParty/FreeRTOS/portable/MemMang/heap_4.o
 .debug_frame   0x0000000000000cb8      0x14c c:/st/stm32cubeide_1.10.1/stm32cubeide/plugins/com.st.stm32cube.ide.mcu.externaltools.gnu-tools-for-stm32.10.3-2021.10.win32_1.0.0.202111181127/tools/bin/../lib/gcc/arm-none-eabi/10.3.1/../../../../arm-none-eabi/lib/thumb/v7e-m+fp/hard\libc_nano.a(lib_a-findfp.o)
 .debug_frame   0x0000000000000e04       0x2c c:/st/stm32cubeide_1.10.1/stm32cubeide/plugins/com.st.stm32cube.ide.mcu.externaltools.gnu-tools-for-stm32.10.3-2021.10.win32_1.0.0.202111181127/tools/bin/../lib/gcc/arm-none-eabi/10.3.1/../../../../arm-none-eabi/lib/thumb/v7e-m+fp/hard\libc_nano.a(lib_a-init.o)
 .debug_frame   0x0000000000000e30       0xb0 c:/st/stm32cubeide_1.10.1/stm32cubeide/plugins/com.st.stm32cube.ide.mcu.externaltools.gnu-tools-for-stm32.10.3-2021.10.win32_1.0.0.202111181127/tools/bin/../lib/gcc/arm-none-eabi/10.3.1/../../../../arm-none-eabi/lib/thumb/v7e-m+fp/hard\libc_nano.a(lib_a-lock.o)
 .debug_frame   0x0000000000000ee0       0x20 c:/st/stm32cubeide_1.10.1/stm32cubeide/plugins/com.st.stm32cube.ide.mcu.externaltools.gnu-tools-for-stm32.10.3-2021.10.win32_1.0.0.202111181127/tools/bin/../lib/gcc/arm-none-eabi/10.3.1/../../../../arm-none-eabi/lib/thumb/v7e-m+fp/hard\libc_nano.a(lib_a-memset.o)
 .debug_frame   0x0000000000000f00       0x4c c:/st/stm32cubeide_1.10.1/stm32cubeide/plugins/com.st.stm32cube.ide.mcu.externaltools.gnu-tools-for-stm32.10.3-2021.10.win32_1.0.0.202111181127/tools/bin/../lib/gcc/arm-none-eabi/10.3.1/../../../../arm-none-eabi/lib/thumb/v7e-m+fp/hard\libc_nano.a(lib_a-nano-mallocr.o)
 .debug_frame   0x0000000000000f4c       0x5c c:/st/stm32cubeide_1.10.1/stm32cubeide/plugins/com.st.stm32cube.ide.mcu.externaltools.gnu-tools-for-stm32.10.3-2021.10.win32_1.0.0.202111181127/tools/bin/../lib/gcc/arm-none-eabi/10.3.1/../../../../arm-none-eabi/lib/thumb/v7e-m+fp/hard\libc_nano.a(lib_a-reent.o)
 .debug_frame   0x0000000000000fa8       0x30 c:/st/stm32cubeide_1.10.1/stm32cubeide/plugins/com.st.stm32cube.ide.mcu.externaltools.gnu-tools-for-stm32.10.3-2021.10.win32_1.0.0.202111181127/tools/bin/../lib/gcc/arm-none-eabi/10.3.1/../../../../arm-none-eabi/lib/thumb/v7e-m+fp/hard\libc_nano.a(lib_a-mlock.o)
 .debug_frame   0x0000000000000fd8       0x38 c:/st/stm32cubeide_1.10.1/stm32cubeide/plugins/com.st.stm32cube.ide.mcu.externaltools.gnu-tools-for-stm32.10.3-2021.10.win32_1.0.0.202111181127/tools/bin/../lib/gcc/arm-none-eabi/10.3.1/../../../../arm-none-eabi/lib/thumb/v7e-m+fp/hard\libc_nano.a(lib_a-nano-freer.o)
