../Core/Src/main.c:63:6:vTaskBusyWait	24	static,ignoring_inline_asm
../Core/Src/main.c:69:6:vUARTSendingTask	24	static
../Core/Src/main.c:81:6:vUARTYieldingTask	24	static,ignoring_inline_asm
../Core/Src/main.c:95:6:vUARTHighPriorityTask	24	static
../Core/Src/main.c:109:6:vUARTLowPriorityTask	24	static
../Core/Src/main.c:127:5:main	56	static
../Core/Src/main.c:224:6:SystemClock_Config	88	static
../Core/Src/main.c:271:13:MX_USART2_UART_Init	8	static
../Core/Src/main.c:304:13:MX_GPIO_Init	16	static
../Core/Src/main.c:323:6:StartDefaultTask	16	static
../Core/Src/main.c:342:6:HAL_TIM_PeriodElapsedCallback	16	static
../Core/Src/main.c:359:6:Error_Handler	4	static,ignoring_inline_asm
