Archive member included to satisfy reference by file (symbol)

c:/st/stm32cubeide_1.10.1/stm32cubeide/plugins/com.st.stm32cube.ide.mcu.externaltools.gnu-tools-for-stm32.10.3-2021.10.win32_1.0.0.202111181127/tools/bin/../lib/gcc/arm-none-eabi/10.3.1/../../../../arm-none-eabi/lib/thumb/v7e-m/nofp\libc_nano.a(lib_a-errno.o)
                              ./Src/syscalls.o (__errno)
c:/st/stm32cubeide_1.10.1/stm32cubeide/plugins/com.st.stm32cube.ide.mcu.externaltools.gnu-tools-for-stm32.10.3-2021.10.win32_1.0.0.202111181127/tools/bin/../lib/gcc/arm-none-eabi/10.3.1/../../../../arm-none-eabi/lib/thumb/v7e-m/nofp\libc_nano.a(lib_a-exit.o)
                              c:/st/stm32cubeide_1.10.1/stm32cubeide/plugins/com.st.stm32cube.ide.mcu.externaltools.gnu-tools-for-stm32.10.3-2021.10.win32_1.0.0.202111181127/tools/bin/../lib/gcc/arm-none-eabi/10.3.1/../../../../arm-none-eabi/lib/thumb/v7e-m/nofp/crt0.o (exit)
c:/st/stm32cubeide_1.10.1/stm32cubeide/plugins/com.st.stm32cube.ide.mcu.externaltools.gnu-tools-for-stm32.10.3-2021.10.win32_1.0.0.202111181127/tools/bin/../lib/gcc/arm-none-eabi/10.3.1/../../../../arm-none-eabi/lib/thumb/v7e-m/nofp\libc_nano.a(lib_a-impure.o)
                              c:/st/stm32cubeide_1.10.1/stm32cubeide/plugins/com.st.stm32cube.ide.mcu.externaltools.gnu-tools-for-stm32.10.3-2021.10.win32_1.0.0.202111181127/tools/bin/../lib/gcc/arm-none-eabi/10.3.1/../../../../arm-none-eabi/lib/thumb/v7e-m/nofp\libc_nano.a(lib_a-exit.o) (_global_impure_ptr)
c:/st/stm32cubeide_1.10.1/stm32cubeide/plugins/com.st.stm32cube.ide.mcu.externaltools.gnu-tools-for-stm32.10.3-2021.10.win32_1.0.0.202111181127/tools/bin/../lib/gcc/arm-none-eabi/10.3.1/../../../../arm-none-eabi/lib/thumb/v7e-m/nofp\libc_nano.a(lib_a-init.o)
                              c:/st/stm32cubeide_1.10.1/stm32cubeide/plugins/com.st.stm32cube.ide.mcu.externaltools.gnu-tools-for-stm32.10.3-2021.10.win32_1.0.0.202111181127/tools/bin/../lib/gcc/arm-none-eabi/10.3.1/../../../../arm-none-eabi/lib/thumb/v7e-m/nofp/crt0.o (__libc_init_array)
c:/st/stm32cubeide_1.10.1/stm32cubeide/plugins/com.st.stm32cube.ide.mcu.externaltools.gnu-tools-for-stm32.10.3-2021.10.win32_1.0.0.202111181127/tools/bin/../lib/gcc/arm-none-eabi/10.3.1/../../../../arm-none-eabi/lib/thumb/v7e-m/nofp\libc_nano.a(lib_a-memset.o)
                              c:/st/stm32cubeide_1.10.1/stm32cubeide/plugins/com.st.stm32cube.ide.mcu.externaltools.gnu-tools-for-stm32.10.3-2021.10.win32_1.0.0.202111181127/tools/bin/../lib/gcc/arm-none-eabi/10.3.1/../../../../arm-none-eabi/lib/thumb/v7e-m/nofp/crt0.o (memset)

Discarded input sections

 .text          0x0000000000000000        0x0 c:/st/stm32cubeide_1.10.1/stm32cubeide/plugins/com.st.stm32cube.ide.mcu.externaltools.gnu-tools-for-stm32.10.3-2021.10.win32_1.0.0.202111181127/tools/bin/../lib/gcc/arm-none-eabi/10.3.1/thumb/v7e-m/nofp/crti.o
 .data          0x0000000000000000        0x0 c:/st/stm32cubeide_1.10.1/stm32cubeide/plugins/com.st.stm32cube.ide.mcu.externaltools.gnu-tools-for-stm32.10.3-2021.10.win32_1.0.0.202111181127/tools/bin/../lib/gcc/arm-none-eabi/10.3.1/thumb/v7e-m/nofp/crti.o
 .bss           0x0000000000000000        0x0 c:/st/stm32cubeide_1.10.1/stm32cubeide/plugins/com.st.stm32cube.ide.mcu.externaltools.gnu-tools-for-stm32.10.3-2021.10.win32_1.0.0.202111181127/tools/bin/../lib/gcc/arm-none-eabi/10.3.1/thumb/v7e-m/nofp/crti.o
 .data          0x0000000000000000        0x4 c:/st/stm32cubeide_1.10.1/stm32cubeide/plugins/com.st.stm32cube.ide.mcu.externaltools.gnu-tools-for-stm32.10.3-2021.10.win32_1.0.0.202111181127/tools/bin/../lib/gcc/arm-none-eabi/10.3.1/thumb/v7e-m/nofp/crtbegin.o
 .rodata        0x0000000000000000       0x24 c:/st/stm32cubeide_1.10.1/stm32cubeide/plugins/com.st.stm32cube.ide.mcu.externaltools.gnu-tools-for-stm32.10.3-2021.10.win32_1.0.0.202111181127/tools/bin/../lib/gcc/arm-none-eabi/10.3.1/thumb/v7e-m/nofp/crtbegin.o
 .text          0x0000000000000000       0x7c c:/st/stm32cubeide_1.10.1/stm32cubeide/plugins/com.st.stm32cube.ide.mcu.externaltools.gnu-tools-for-stm32.10.3-2021.10.win32_1.0.0.202111181127/tools/bin/../lib/gcc/arm-none-eabi/10.3.1/../../../../arm-none-eabi/lib/thumb/v7e-m/nofp/crt0.o
 .data          0x0000000000000000        0x0 c:/st/stm32cubeide_1.10.1/stm32cubeide/plugins/com.st.stm32cube.ide.mcu.externaltools.gnu-tools-for-stm32.10.3-2021.10.win32_1.0.0.202111181127/tools/bin/../lib/gcc/arm-none-eabi/10.3.1/../../../../arm-none-eabi/lib/thumb/v7e-m/nofp/crt0.o
 .bss           0x0000000000000000        0x0 c:/st/stm32cubeide_1.10.1/stm32cubeide/plugins/com.st.stm32cube.ide.mcu.externaltools.gnu-tools-for-stm32.10.3-2021.10.win32_1.0.0.202111181127/tools/bin/../lib/gcc/arm-none-eabi/10.3.1/../../../../arm-none-eabi/lib/thumb/v7e-m/nofp/crt0.o
 .ARM.extab     0x0000000000000000        0x0 c:/st/stm32cubeide_1.10.1/stm32cubeide/plugins/com.st.stm32cube.ide.mcu.externaltools.gnu-tools-for-stm32.10.3-2021.10.win32_1.0.0.202111181127/tools/bin/../lib/gcc/arm-none-eabi/10.3.1/../../../../arm-none-eabi/lib/thumb/v7e-m/nofp/crt0.o
 .ARM.exidx     0x0000000000000000       0x10 c:/st/stm32cubeide_1.10.1/stm32cubeide/plugins/com.st.stm32cube.ide.mcu.externaltools.gnu-tools-for-stm32.10.3-2021.10.win32_1.0.0.202111181127/tools/bin/../lib/gcc/arm-none-eabi/10.3.1/../../../../arm-none-eabi/lib/thumb/v7e-m/nofp/crt0.o
 .ARM.attributes
                0x0000000000000000       0x1c c:/st/stm32cubeide_1.10.1/stm32cubeide/plugins/com.st.stm32cube.ide.mcu.externaltools.gnu-tools-for-stm32.10.3-2021.10.win32_1.0.0.202111181127/tools/bin/../lib/gcc/arm-none-eabi/10.3.1/../../../../arm-none-eabi/lib/thumb/v7e-m/nofp/crt0.o
 .group         0x0000000000000000        0xc ./Src/extint.o
 .group         0x0000000000000000        0xc ./Src/extint.o
 .group         0x0000000000000000        0xc ./Src/extint.o
 .group         0x0000000000000000        0xc ./Src/extint.o
 .group         0x0000000000000000        0xc ./Src/extint.o
 .group         0x0000000000000000        0xc ./Src/extint.o
 .group         0x0000000000000000        0xc ./Src/extint.o
 .group         0x0000000000000000        0xc ./Src/extint.o
 .group         0x0000000000000000        0xc ./Src/extint.o
 .group         0x0000000000000000        0xc ./Src/extint.o
 .group         0x0000000000000000        0xc ./Src/extint.o
 .group         0x0000000000000000        0xc ./Src/extint.o
 .group         0x0000000000000000        0xc ./Src/extint.o
 .group         0x0000000000000000        0xc ./Src/extint.o
 .group         0x0000000000000000        0xc ./Src/extint.o
 .text          0x0000000000000000        0x0 ./Src/extint.o
 .data          0x0000000000000000        0x0 ./Src/extint.o
 .bss           0x0000000000000000        0x0 ./Src/extint.o
 .group         0x0000000000000000        0xc ./Src/itm.o
 .group         0x0000000000000000        0xc ./Src/itm.o
 .group         0x0000000000000000        0xc ./Src/itm.o
 .group         0x0000000000000000        0xc ./Src/itm.o
 .group         0x0000000000000000        0xc ./Src/itm.o
 .group         0x0000000000000000        0xc ./Src/itm.o
 .group         0x0000000000000000        0xc ./Src/itm.o
 .text          0x0000000000000000        0x0 ./Src/itm.o
 .data          0x0000000000000000        0x0 ./Src/itm.o
 .bss           0x0000000000000000        0x0 ./Src/itm.o
 .text.__io_putchar
                0x0000000000000000       0x2c ./Src/itm.o
 .debug_info    0x0000000000000000       0xb2 ./Src/itm.o
 .debug_abbrev  0x0000000000000000       0x6c ./Src/itm.o
 .debug_loc     0x0000000000000000       0x23 ./Src/itm.o
 .debug_aranges
                0x0000000000000000       0x20 ./Src/itm.o
 .debug_ranges  0x0000000000000000       0x10 ./Src/itm.o
 .debug_macro   0x0000000000000000       0x75 ./Src/itm.o
 .debug_macro   0x0000000000000000      0xa78 ./Src/itm.o
 .debug_macro   0x0000000000000000       0x22 ./Src/itm.o
 .debug_macro   0x0000000000000000       0x8e ./Src/itm.o
 .debug_macro   0x0000000000000000       0x51 ./Src/itm.o
 .debug_macro   0x0000000000000000      0x103 ./Src/itm.o
 .debug_macro   0x0000000000000000       0x6a ./Src/itm.o
 .debug_macro   0x0000000000000000      0x1df ./Src/itm.o
 .debug_line    0x0000000000000000      0x3b9 ./Src/itm.o
 .debug_str     0x0000000000000000     0x3c83 ./Src/itm.o
 .comment       0x0000000000000000       0x51 ./Src/itm.o
 .debug_frame   0x0000000000000000       0x20 ./Src/itm.o
 .ARM.attributes
                0x0000000000000000       0x2e ./Src/itm.o
 .group         0x0000000000000000        0xc ./Src/led.o
 .group         0x0000000000000000        0xc ./Src/led.o
 .group         0x0000000000000000        0xc ./Src/led.o
 .group         0x0000000000000000        0xc ./Src/led.o
 .group         0x0000000000000000        0xc ./Src/led.o
 .group         0x0000000000000000        0xc ./Src/led.o
 .group         0x0000000000000000        0xc ./Src/led.o
 .group         0x0000000000000000        0xc ./Src/led.o
 .group         0x0000000000000000        0xc ./Src/led.o
 .group         0x0000000000000000        0xc ./Src/led.o
 .group         0x0000000000000000        0xc ./Src/led.o
 .group         0x0000000000000000        0xc ./Src/led.o
 .group         0x0000000000000000        0xc ./Src/led.o
 .group         0x0000000000000000        0xc ./Src/led.o
 .group         0x0000000000000000        0xc ./Src/led.o
 .text          0x0000000000000000        0x0 ./Src/led.o
 .data          0x0000000000000000        0x0 ./Src/led.o
 .bss           0x0000000000000000        0x0 ./Src/led.o
 .text.led_toggle
                0x0000000000000000       0x14 ./Src/led.o
 .debug_macro   0x0000000000000000      0xa78 ./Src/led.o
 .debug_macro   0x0000000000000000       0x2f ./Src/led.o
 .debug_macro   0x0000000000000000       0x22 ./Src/led.o
 .debug_macro   0x0000000000000000       0x8e ./Src/led.o
 .debug_macro   0x0000000000000000       0x51 ./Src/led.o
 .debug_macro   0x0000000000000000      0x103 ./Src/led.o
 .debug_macro   0x0000000000000000       0x6a ./Src/led.o
 .debug_macro   0x0000000000000000      0x1df ./Src/led.o
 .debug_macro   0x0000000000000000       0x1c ./Src/led.o
 .debug_macro   0x0000000000000000       0x22 ./Src/led.o
 .debug_macro   0x0000000000000000       0xd9 ./Src/led.o
 .debug_macro   0x0000000000000000     0x102d ./Src/led.o
 .debug_macro   0x0000000000000000      0x11f ./Src/led.o
 .debug_macro   0x0000000000000000    0x15e3c ./Src/led.o
 .debug_macro   0x0000000000000000       0x2e ./Src/led.o
 .group         0x0000000000000000        0xc ./Src/main.o
 .group         0x0000000000000000        0xc ./Src/main.o
 .group         0x0000000000000000        0xc ./Src/main.o
 .group         0x0000000000000000        0xc ./Src/main.o
 .group         0x0000000000000000        0xc ./Src/main.o
 .group         0x0000000000000000        0xc ./Src/main.o
 .group         0x0000000000000000        0xc ./Src/main.o
 .group         0x0000000000000000        0xc ./Src/main.o
 .group         0x0000000000000000        0xc ./Src/main.o
 .group         0x0000000000000000        0xc ./Src/main.o
 .group         0x0000000000000000        0xc ./Src/main.o
 .group         0x0000000000000000        0xc ./Src/main.o
 .group         0x0000000000000000        0xc ./Src/main.o
 .group         0x0000000000000000        0xc ./Src/main.o
 .group         0x0000000000000000        0xc ./Src/main.o
 .group         0x0000000000000000        0xc ./Src/main.o
 .group         0x0000000000000000        0xc ./Src/main.o
 .group         0x0000000000000000        0xc ./Src/main.o
 .group         0x0000000000000000        0xc ./Src/main.o
 .group         0x0000000000000000        0xc ./Src/main.o
 .group         0x0000000000000000        0xc ./Src/main.o
 .group         0x0000000000000000        0xc ./Src/main.o
 .group         0x0000000000000000        0xc ./Src/main.o
 .group         0x0000000000000000        0xc ./Src/main.o
 .group         0x0000000000000000        0xc ./Src/main.o
 .group         0x0000000000000000        0xc ./Src/main.o
 .group         0x0000000000000000        0xc ./Src/main.o
 .group         0x0000000000000000        0xc ./Src/main.o
 .group         0x0000000000000000        0xc ./Src/main.o
 .group         0x0000000000000000        0xc ./Src/main.o
 .group         0x0000000000000000        0xc ./Src/main.o
 .group         0x0000000000000000        0xc ./Src/main.o
 .group         0x0000000000000000        0xc ./Src/main.o
 .group         0x0000000000000000        0xc ./Src/main.o
 .group         0x0000000000000000        0xc ./Src/main.o
 .group         0x0000000000000000        0xc ./Src/main.o
 .group         0x0000000000000000        0xc ./Src/main.o
 .group         0x0000000000000000        0xc ./Src/main.o
 .group         0x0000000000000000        0xc ./Src/main.o
 .group         0x0000000000000000        0xc ./Src/main.o
 .group         0x0000000000000000        0xc ./Src/main.o
 .group         0x0000000000000000        0xc ./Src/main.o
 .group         0x0000000000000000        0xc ./Src/main.o
 .text          0x0000000000000000        0x0 ./Src/main.o
 .data          0x0000000000000000        0x0 ./Src/main.o
 .bss           0x0000000000000000        0x0 ./Src/main.o
 .debug_macro   0x0000000000000000      0xa78 ./Src/main.o
 .debug_macro   0x0000000000000000       0x22 ./Src/main.o
 .debug_macro   0x0000000000000000       0x8e ./Src/main.o
 .debug_macro   0x0000000000000000       0x51 ./Src/main.o
 .debug_macro   0x0000000000000000      0x103 ./Src/main.o
 .debug_macro   0x0000000000000000       0x6a ./Src/main.o
 .debug_macro   0x0000000000000000      0x1df ./Src/main.o
 .debug_macro   0x0000000000000000       0x2f ./Src/main.o
 .debug_macro   0x0000000000000000       0x1c ./Src/main.o
 .debug_macro   0x0000000000000000       0x22 ./Src/main.o
 .debug_macro   0x0000000000000000       0xd9 ./Src/main.o
 .debug_macro   0x0000000000000000     0x102d ./Src/main.o
 .debug_macro   0x0000000000000000      0x11f ./Src/main.o
 .debug_macro   0x0000000000000000    0x15e3c ./Src/main.o
 .debug_macro   0x0000000000000000       0x2e ./Src/main.o
 .group         0x0000000000000000        0xc ./Src/syscalls.o
 .group         0x0000000000000000        0xc ./Src/syscalls.o
 .group         0x0000000000000000        0xc ./Src/syscalls.o
 .group         0x0000000000000000        0xc ./Src/syscalls.o
 .group         0x0000000000000000        0xc ./Src/syscalls.o
 .group         0x0000000000000000        0xc ./Src/syscalls.o
 .group         0x0000000000000000        0xc ./Src/syscalls.o
 .group         0x0000000000000000        0xc ./Src/syscalls.o
 .group         0x0000000000000000        0xc ./Src/syscalls.o
 .group         0x0000000000000000        0xc ./Src/syscalls.o
 .group         0x0000000000000000        0xc ./Src/syscalls.o
 .group         0x0000000000000000        0xc ./Src/syscalls.o
 .group         0x0000000000000000        0xc ./Src/syscalls.o
 .group         0x0000000000000000        0xc ./Src/syscalls.o
 .group         0x0000000000000000        0xc ./Src/syscalls.o
 .group         0x0000000000000000        0xc ./Src/syscalls.o
 .group         0x0000000000000000        0xc ./Src/syscalls.o
 .group         0x0000000000000000        0xc ./Src/syscalls.o
 .group         0x0000000000000000        0xc ./Src/syscalls.o
 .group         0x0000000000000000        0xc ./Src/syscalls.o
 .group         0x0000000000000000        0xc ./Src/syscalls.o
 .group         0x0000000000000000        0xc ./Src/syscalls.o
 .group         0x0000000000000000        0xc ./Src/syscalls.o
 .group         0x0000000000000000        0xc ./Src/syscalls.o
 .group         0x0000000000000000        0xc ./Src/syscalls.o
 .group         0x0000000000000000        0xc ./Src/syscalls.o
 .group         0x0000000000000000        0xc ./Src/syscalls.o
 .group         0x0000000000000000        0xc ./Src/syscalls.o
 .group         0x0000000000000000        0xc ./Src/syscalls.o
 .group         0x0000000000000000        0xc ./Src/syscalls.o
 .group         0x0000000000000000        0xc ./Src/syscalls.o
 .group         0x0000000000000000        0xc ./Src/syscalls.o
 .group         0x0000000000000000        0xc ./Src/syscalls.o
 .group         0x0000000000000000        0xc ./Src/syscalls.o
 .group         0x0000000000000000        0xc ./Src/syscalls.o
 .group         0x0000000000000000        0xc ./Src/syscalls.o
 .group         0x0000000000000000        0xc ./Src/syscalls.o
 .group         0x0000000000000000        0xc ./Src/syscalls.o
 .group         0x0000000000000000        0xc ./Src/syscalls.o
 .group         0x0000000000000000        0xc ./Src/syscalls.o
 .group         0x0000000000000000        0xc ./Src/syscalls.o
 .group         0x0000000000000000        0xc ./Src/syscalls.o
 .group         0x0000000000000000        0xc ./Src/syscalls.o
 .group         0x0000000000000000        0xc ./Src/syscalls.o
 .group         0x0000000000000000        0xc ./Src/syscalls.o
 .group         0x0000000000000000        0xc ./Src/syscalls.o
 .group         0x0000000000000000        0xc ./Src/syscalls.o
 .text          0x0000000000000000        0x0 ./Src/syscalls.o
 .data          0x0000000000000000        0x0 ./Src/syscalls.o
 .bss           0x0000000000000000        0x0 ./Src/syscalls.o
 .text.initialise_monitor_handles
                0x0000000000000000        0x4 ./Src/syscalls.o
 .text._getpid  0x0000000000000000        0x4 ./Src/syscalls.o
 .text._kill    0x0000000000000000       0x10 ./Src/syscalls.o
 .text._exit    0x0000000000000000        0xc ./Src/syscalls.o
 .text._read    0x0000000000000000       0x1c ./Src/syscalls.o
 .text._write   0x0000000000000000       0x1c ./Src/syscalls.o
 .text._close   0x0000000000000000        0x8 ./Src/syscalls.o
 .text._fstat   0x0000000000000000        0xc ./Src/syscalls.o
 .text._isatty  0x0000000000000000        0x4 ./Src/syscalls.o
 .text._lseek   0x0000000000000000        0x4 ./Src/syscalls.o
 .text._open    0x0000000000000000        0xc ./Src/syscalls.o
 .text._wait    0x0000000000000000       0x10 ./Src/syscalls.o
 .text._unlink  0x0000000000000000       0x10 ./Src/syscalls.o
 .text._times   0x0000000000000000        0x8 ./Src/syscalls.o
 .text._stat    0x0000000000000000        0xc ./Src/syscalls.o
 .text._link    0x0000000000000000       0x10 ./Src/syscalls.o
 .text._fork    0x0000000000000000       0x10 ./Src/syscalls.o
 .text._execve  0x0000000000000000       0x10 ./Src/syscalls.o
 .bss.__env     0x0000000000000000        0x4 ./Src/syscalls.o
 .data.environ  0x0000000000000000        0x4 ./Src/syscalls.o
 .debug_info    0x0000000000000000      0x7de ./Src/syscalls.o
 .debug_abbrev  0x0000000000000000      0x202 ./Src/syscalls.o
 .debug_loc     0x0000000000000000      0x3bb ./Src/syscalls.o
 .debug_aranges
                0x0000000000000000       0xa8 ./Src/syscalls.o
 .debug_ranges  0x0000000000000000       0xb0 ./Src/syscalls.o
 .debug_macro   0x0000000000000000      0x24c ./Src/syscalls.o
 .debug_macro   0x0000000000000000      0xa78 ./Src/syscalls.o
 .debug_macro   0x0000000000000000       0x22 ./Src/syscalls.o
 .debug_macro   0x0000000000000000       0x4c ./Src/syscalls.o
 .debug_macro   0x0000000000000000       0x18 ./Src/syscalls.o
 .debug_macro   0x0000000000000000       0x94 ./Src/syscalls.o
 .debug_macro   0x0000000000000000       0x3c ./Src/syscalls.o
 .debug_macro   0x0000000000000000       0x34 ./Src/syscalls.o
 .debug_macro   0x0000000000000000       0x57 ./Src/syscalls.o
 .debug_macro   0x0000000000000000      0x174 ./Src/syscalls.o
 .debug_macro   0x0000000000000000      0x341 ./Src/syscalls.o
 .debug_macro   0x0000000000000000       0x16 ./Src/syscalls.o
 .debug_macro   0x0000000000000000       0x43 ./Src/syscalls.o
 .debug_macro   0x0000000000000000       0x34 ./Src/syscalls.o
 .debug_macro   0x0000000000000000       0x10 ./Src/syscalls.o
 .debug_macro   0x0000000000000000       0x58 ./Src/syscalls.o
 .debug_macro   0x0000000000000000       0x71 ./Src/syscalls.o
 .debug_macro   0x0000000000000000       0x1c ./Src/syscalls.o
 .debug_macro   0x0000000000000000      0x12a ./Src/syscalls.o
 .debug_macro   0x0000000000000000       0x10 ./Src/syscalls.o
 .debug_macro   0x0000000000000000       0x35 ./Src/syscalls.o
 .debug_macro   0x0000000000000000       0x10 ./Src/syscalls.o
 .debug_macro   0x0000000000000000       0x10 ./Src/syscalls.o
 .debug_macro   0x0000000000000000       0x10 ./Src/syscalls.o
 .debug_macro   0x0000000000000000       0x6a ./Src/syscalls.o
 .debug_macro   0x0000000000000000       0x1c ./Src/syscalls.o
 .debug_macro   0x0000000000000000       0x52 ./Src/syscalls.o
 .debug_macro   0x0000000000000000       0x22 ./Src/syscalls.o
 .debug_macro   0x0000000000000000       0x10 ./Src/syscalls.o
 .debug_macro   0x0000000000000000       0x52 ./Src/syscalls.o
 .debug_macro   0x0000000000000000       0xd5 ./Src/syscalls.o
 .debug_macro   0x0000000000000000       0x1c ./Src/syscalls.o
 .debug_macro   0x0000000000000000       0x3d ./Src/syscalls.o
 .debug_macro   0x0000000000000000       0x35 ./Src/syscalls.o
 .debug_macro   0x0000000000000000      0x12c ./Src/syscalls.o
 .debug_macro   0x0000000000000000       0x16 ./Src/syscalls.o
 .debug_macro   0x0000000000000000       0x16 ./Src/syscalls.o
 .debug_macro   0x0000000000000000       0x29 ./Src/syscalls.o
 .debug_macro   0x0000000000000000       0x10 ./Src/syscalls.o
 .debug_macro   0x0000000000000000      0x241 ./Src/syscalls.o
 .debug_macro   0x0000000000000000       0x1c ./Src/syscalls.o
 .debug_macro   0x0000000000000000       0x10 ./Src/syscalls.o
 .debug_macro   0x0000000000000000       0x10 ./Src/syscalls.o
 .debug_macro   0x0000000000000000       0x16 ./Src/syscalls.o
 .debug_macro   0x0000000000000000      0x145 ./Src/syscalls.o
 .debug_macro   0x0000000000000000      0x189 ./Src/syscalls.o
 .debug_macro   0x0000000000000000       0x16 ./Src/syscalls.o
 .debug_macro   0x0000000000000000       0xce ./Src/syscalls.o
 .debug_line    0x0000000000000000      0x899 ./Src/syscalls.o
 .debug_str     0x0000000000000000     0x8a40 ./Src/syscalls.o
 .comment       0x0000000000000000       0x51 ./Src/syscalls.o
 .debug_frame   0x0000000000000000      0x190 ./Src/syscalls.o
 .ARM.attributes
                0x0000000000000000       0x2e ./Src/syscalls.o
 .group         0x0000000000000000        0xc ./Src/sysmem.o
 .group         0x0000000000000000        0xc ./Src/sysmem.o
 .group         0x0000000000000000        0xc ./Src/sysmem.o
 .group         0x0000000000000000        0xc ./Src/sysmem.o
 .group         0x0000000000000000        0xc ./Src/sysmem.o
 .group         0x0000000000000000        0xc ./Src/sysmem.o
 .group         0x0000000000000000        0xc ./Src/sysmem.o
 .group         0x0000000000000000        0xc ./Src/sysmem.o
 .group         0x0000000000000000        0xc ./Src/sysmem.o
 .group         0x0000000000000000        0xc ./Src/sysmem.o
 .group         0x0000000000000000        0xc ./Src/sysmem.o
 .group         0x0000000000000000        0xc ./Src/sysmem.o
 .group         0x0000000000000000        0xc ./Src/sysmem.o
 .group         0x0000000000000000        0xc ./Src/sysmem.o
 .group         0x0000000000000000        0xc ./Src/sysmem.o
 .group         0x0000000000000000        0xc ./Src/sysmem.o
 .group         0x0000000000000000        0xc ./Src/sysmem.o
 .group         0x0000000000000000        0xc ./Src/sysmem.o
 .group         0x0000000000000000        0xc ./Src/sysmem.o
 .group         0x0000000000000000        0xc ./Src/sysmem.o
 .group         0x0000000000000000        0xc ./Src/sysmem.o
 .group         0x0000000000000000        0xc ./Src/sysmem.o
 .text          0x0000000000000000        0x0 ./Src/sysmem.o
 .data          0x0000000000000000        0x0 ./Src/sysmem.o
 .bss           0x0000000000000000        0x0 ./Src/sysmem.o
 .text._sbrk    0x0000000000000000       0x44 ./Src/sysmem.o
 .bss.__sbrk_heap_end
                0x0000000000000000        0x4 ./Src/sysmem.o
 .debug_info    0x0000000000000000      0x18e ./Src/sysmem.o
 .debug_abbrev  0x0000000000000000       0xdd ./Src/sysmem.o
 .debug_loc     0x0000000000000000       0x70 ./Src/sysmem.o
 .debug_aranges
                0x0000000000000000       0x20 ./Src/sysmem.o
 .debug_ranges  0x0000000000000000       0x10 ./Src/sysmem.o
 .debug_macro   0x0000000000000000       0xff ./Src/sysmem.o
 .debug_macro   0x0000000000000000      0xa78 ./Src/sysmem.o
 .debug_macro   0x0000000000000000       0x10 ./Src/sysmem.o
 .debug_macro   0x0000000000000000       0x22 ./Src/sysmem.o
 .debug_macro   0x0000000000000000       0x4c ./Src/sysmem.o
 .debug_macro   0x0000000000000000       0x18 ./Src/sysmem.o
 .debug_macro   0x0000000000000000       0x94 ./Src/sysmem.o
 .debug_macro   0x0000000000000000       0x3c ./Src/sysmem.o
 .debug_macro   0x0000000000000000       0x34 ./Src/sysmem.o
 .debug_macro   0x0000000000000000      0x174 ./Src/sysmem.o
 .debug_macro   0x0000000000000000       0x16 ./Src/sysmem.o
 .debug_macro   0x0000000000000000       0x43 ./Src/sysmem.o
 .debug_macro   0x0000000000000000       0x57 ./Src/sysmem.o
 .debug_macro   0x0000000000000000       0x34 ./Src/sysmem.o
 .debug_macro   0x0000000000000000       0x10 ./Src/sysmem.o
 .debug_macro   0x0000000000000000       0x58 ./Src/sysmem.o
 .debug_macro   0x0000000000000000       0x71 ./Src/sysmem.o
 .debug_macro   0x0000000000000000       0x1c ./Src/sysmem.o
 .debug_macro   0x0000000000000000      0x12a ./Src/sysmem.o
 .debug_macro   0x0000000000000000      0x23b ./Src/sysmem.o
 .debug_macro   0x0000000000000000      0x103 ./Src/sysmem.o
 .debug_macro   0x0000000000000000       0x6a ./Src/sysmem.o
 .debug_macro   0x0000000000000000      0x1df ./Src/sysmem.o
 .debug_line    0x0000000000000000      0x520 ./Src/sysmem.o
 .debug_str     0x0000000000000000     0x5d7c ./Src/sysmem.o
 .comment       0x0000000000000000       0x51 ./Src/sysmem.o
 .debug_frame   0x0000000000000000       0x28 ./Src/sysmem.o
 .ARM.attributes
                0x0000000000000000       0x2e ./Src/sysmem.o
 .group         0x0000000000000000        0xc ./Src/system_stm32f4xx.o
 .group         0x0000000000000000        0xc ./Src/system_stm32f4xx.o
 .group         0x0000000000000000        0xc ./Src/system_stm32f4xx.o
 .group         0x0000000000000000        0xc ./Src/system_stm32f4xx.o
 .group         0x0000000000000000        0xc ./Src/system_stm32f4xx.o
 .group         0x0000000000000000        0xc ./Src/system_stm32f4xx.o
 .group         0x0000000000000000        0xc ./Src/system_stm32f4xx.o
 .group         0x0000000000000000        0xc ./Src/system_stm32f4xx.o
 .group         0x0000000000000000        0xc ./Src/system_stm32f4xx.o
 .group         0x0000000000000000        0xc ./Src/system_stm32f4xx.o
 .group         0x0000000000000000        0xc ./Src/system_stm32f4xx.o
 .group         0x0000000000000000        0xc ./Src/system_stm32f4xx.o
 .group         0x0000000000000000        0xc ./Src/system_stm32f4xx.o
 .group         0x0000000000000000        0xc ./Src/system_stm32f4xx.o
 .group         0x0000000000000000        0xc ./Src/system_stm32f4xx.o
 .group         0x0000000000000000        0xc ./Src/system_stm32f4xx.o
 .text          0x0000000000000000        0x0 ./Src/system_stm32f4xx.o
 .data          0x0000000000000000        0x0 ./Src/system_stm32f4xx.o
 .bss           0x0000000000000000        0x0 ./Src/system_stm32f4xx.o
 .text.SystemCoreClockUpdate
                0x0000000000000000       0x70 ./Src/system_stm32f4xx.o
 .text.SwDelayMs
                0x0000000000000000       0x14 ./Src/system_stm32f4xx.o
 .text.DWT_Init
                0x0000000000000000       0x48 ./Src/system_stm32f4xx.o
 .rodata.AHBPrescTable
                0x0000000000000000       0x10 ./Src/system_stm32f4xx.o
 .rodata.APBPrescTable
                0x0000000000000000        0x8 ./Src/system_stm32f4xx.o
 .debug_macro   0x0000000000000000      0xa78 ./Src/system_stm32f4xx.o
 .debug_macro   0x0000000000000000       0x2f ./Src/system_stm32f4xx.o
 .debug_macro   0x0000000000000000       0x22 ./Src/system_stm32f4xx.o
 .debug_macro   0x0000000000000000       0x8e ./Src/system_stm32f4xx.o
 .debug_macro   0x0000000000000000       0x51 ./Src/system_stm32f4xx.o
 .debug_macro   0x0000000000000000      0x103 ./Src/system_stm32f4xx.o
 .debug_macro   0x0000000000000000       0x6a ./Src/system_stm32f4xx.o
 .debug_macro   0x0000000000000000      0x1df ./Src/system_stm32f4xx.o
 .debug_macro   0x0000000000000000       0x1c ./Src/system_stm32f4xx.o
 .debug_macro   0x0000000000000000       0x22 ./Src/system_stm32f4xx.o
 .debug_macro   0x0000000000000000       0xd9 ./Src/system_stm32f4xx.o
 .debug_macro   0x0000000000000000     0x102d ./Src/system_stm32f4xx.o
 .debug_macro   0x0000000000000000      0x11f ./Src/system_stm32f4xx.o
 .debug_macro   0x0000000000000000    0x15e3c ./Src/system_stm32f4xx.o
 .text          0x0000000000000000       0x14 ./Startup/startup_stm32f407vgtx.o
 .data          0x0000000000000000        0x0 ./Startup/startup_stm32f407vgtx.o
 .bss           0x0000000000000000        0x0 ./Startup/startup_stm32f407vgtx.o
 .text          0x0000000000000000        0x0 c:/st/stm32cubeide_1.10.1/stm32cubeide/plugins/com.st.stm32cube.ide.mcu.externaltools.gnu-tools-for-stm32.10.3-2021.10.win32_1.0.0.202111181127/tools/bin/../lib/gcc/arm-none-eabi/10.3.1/../../../../arm-none-eabi/lib/thumb/v7e-m/nofp\libc_nano.a(lib_a-errno.o)
 .data          0x0000000000000000        0x0 c:/st/stm32cubeide_1.10.1/stm32cubeide/plugins/com.st.stm32cube.ide.mcu.externaltools.gnu-tools-for-stm32.10.3-2021.10.win32_1.0.0.202111181127/tools/bin/../lib/gcc/arm-none-eabi/10.3.1/../../../../arm-none-eabi/lib/thumb/v7e-m/nofp\libc_nano.a(lib_a-errno.o)
 .bss           0x0000000000000000        0x0 c:/st/stm32cubeide_1.10.1/stm32cubeide/plugins/com.st.stm32cube.ide.mcu.externaltools.gnu-tools-for-stm32.10.3-2021.10.win32_1.0.0.202111181127/tools/bin/../lib/gcc/arm-none-eabi/10.3.1/../../../../arm-none-eabi/lib/thumb/v7e-m/nofp\libc_nano.a(lib_a-errno.o)
 .text.__errno  0x0000000000000000        0xc c:/st/stm32cubeide_1.10.1/stm32cubeide/plugins/com.st.stm32cube.ide.mcu.externaltools.gnu-tools-for-stm32.10.3-2021.10.win32_1.0.0.202111181127/tools/bin/../lib/gcc/arm-none-eabi/10.3.1/../../../../arm-none-eabi/lib/thumb/v7e-m/nofp\libc_nano.a(lib_a-errno.o)
 .debug_frame   0x0000000000000000       0x20 c:/st/stm32cubeide_1.10.1/stm32cubeide/plugins/com.st.stm32cube.ide.mcu.externaltools.gnu-tools-for-stm32.10.3-2021.10.win32_1.0.0.202111181127/tools/bin/../lib/gcc/arm-none-eabi/10.3.1/../../../../arm-none-eabi/lib/thumb/v7e-m/nofp\libc_nano.a(lib_a-errno.o)
 .ARM.attributes
                0x0000000000000000       0x2e c:/st/stm32cubeide_1.10.1/stm32cubeide/plugins/com.st.stm32cube.ide.mcu.externaltools.gnu-tools-for-stm32.10.3-2021.10.win32_1.0.0.202111181127/tools/bin/../lib/gcc/arm-none-eabi/10.3.1/../../../../arm-none-eabi/lib/thumb/v7e-m/nofp\libc_nano.a(lib_a-errno.o)
 .text          0x0000000000000000        0x0 c:/st/stm32cubeide_1.10.1/stm32cubeide/plugins/com.st.stm32cube.ide.mcu.externaltools.gnu-tools-for-stm32.10.3-2021.10.win32_1.0.0.202111181127/tools/bin/../lib/gcc/arm-none-eabi/10.3.1/../../../../arm-none-eabi/lib/thumb/v7e-m/nofp\libc_nano.a(lib_a-exit.o)
 .data          0x0000000000000000        0x0 c:/st/stm32cubeide_1.10.1/stm32cubeide/plugins/com.st.stm32cube.ide.mcu.externaltools.gnu-tools-for-stm32.10.3-2021.10.win32_1.0.0.202111181127/tools/bin/../lib/gcc/arm-none-eabi/10.3.1/../../../../arm-none-eabi/lib/thumb/v7e-m/nofp\libc_nano.a(lib_a-exit.o)
 .bss           0x0000000000000000        0x0 c:/st/stm32cubeide_1.10.1/stm32cubeide/plugins/com.st.stm32cube.ide.mcu.externaltools.gnu-tools-for-stm32.10.3-2021.10.win32_1.0.0.202111181127/tools/bin/../lib/gcc/arm-none-eabi/10.3.1/../../../../arm-none-eabi/lib/thumb/v7e-m/nofp\libc_nano.a(lib_a-exit.o)
 .text.exit     0x0000000000000000       0x28 c:/st/stm32cubeide_1.10.1/stm32cubeide/plugins/com.st.stm32cube.ide.mcu.externaltools.gnu-tools-for-stm32.10.3-2021.10.win32_1.0.0.202111181127/tools/bin/../lib/gcc/arm-none-eabi/10.3.1/../../../../arm-none-eabi/lib/thumb/v7e-m/nofp\libc_nano.a(lib_a-exit.o)
 .debug_frame   0x0000000000000000       0x28 c:/st/stm32cubeide_1.10.1/stm32cubeide/plugins/com.st.stm32cube.ide.mcu.externaltools.gnu-tools-for-stm32.10.3-2021.10.win32_1.0.0.202111181127/tools/bin/../lib/gcc/arm-none-eabi/10.3.1/../../../../arm-none-eabi/lib/thumb/v7e-m/nofp\libc_nano.a(lib_a-exit.o)
 .ARM.attributes
                0x0000000000000000       0x2e c:/st/stm32cubeide_1.10.1/stm32cubeide/plugins/com.st.stm32cube.ide.mcu.externaltools.gnu-tools-for-stm32.10.3-2021.10.win32_1.0.0.202111181127/tools/bin/../lib/gcc/arm-none-eabi/10.3.1/../../../../arm-none-eabi/lib/thumb/v7e-m/nofp\libc_nano.a(lib_a-exit.o)
 .text          0x0000000000000000        0x0 c:/st/stm32cubeide_1.10.1/stm32cubeide/plugins/com.st.stm32cube.ide.mcu.externaltools.gnu-tools-for-stm32.10.3-2021.10.win32_1.0.0.202111181127/tools/bin/../lib/gcc/arm-none-eabi/10.3.1/../../../../arm-none-eabi/lib/thumb/v7e-m/nofp\libc_nano.a(lib_a-impure.o)
 .data          0x0000000000000000        0x0 c:/st/stm32cubeide_1.10.1/stm32cubeide/plugins/com.st.stm32cube.ide.mcu.externaltools.gnu-tools-for-stm32.10.3-2021.10.win32_1.0.0.202111181127/tools/bin/../lib/gcc/arm-none-eabi/10.3.1/../../../../arm-none-eabi/lib/thumb/v7e-m/nofp\libc_nano.a(lib_a-impure.o)
 .bss           0x0000000000000000        0x0 c:/st/stm32cubeide_1.10.1/stm32cubeide/plugins/com.st.stm32cube.ide.mcu.externaltools.gnu-tools-for-stm32.10.3-2021.10.win32_1.0.0.202111181127/tools/bin/../lib/gcc/arm-none-eabi/10.3.1/../../../../arm-none-eabi/lib/thumb/v7e-m/nofp\libc_nano.a(lib_a-impure.o)
 .data._impure_ptr
                0x0000000000000000        0x4 c:/st/stm32cubeide_1.10.1/stm32cubeide/plugins/com.st.stm32cube.ide.mcu.externaltools.gnu-tools-for-stm32.10.3-2021.10.win32_1.0.0.202111181127/tools/bin/../lib/gcc/arm-none-eabi/10.3.1/../../../../arm-none-eabi/lib/thumb/v7e-m/nofp\libc_nano.a(lib_a-impure.o)
 .data.impure_data
                0x0000000000000000       0x60 c:/st/stm32cubeide_1.10.1/stm32cubeide/plugins/com.st.stm32cube.ide.mcu.externaltools.gnu-tools-for-stm32.10.3-2021.10.win32_1.0.0.202111181127/tools/bin/../lib/gcc/arm-none-eabi/10.3.1/../../../../arm-none-eabi/lib/thumb/v7e-m/nofp\libc_nano.a(lib_a-impure.o)
 .rodata._global_impure_ptr
                0x0000000000000000        0x4 c:/st/stm32cubeide_1.10.1/stm32cubeide/plugins/com.st.stm32cube.ide.mcu.externaltools.gnu-tools-for-stm32.10.3-2021.10.win32_1.0.0.202111181127/tools/bin/../lib/gcc/arm-none-eabi/10.3.1/../../../../arm-none-eabi/lib/thumb/v7e-m/nofp\libc_nano.a(lib_a-impure.o)
 .ARM.attributes
                0x0000000000000000       0x2e c:/st/stm32cubeide_1.10.1/stm32cubeide/plugins/com.st.stm32cube.ide.mcu.externaltools.gnu-tools-for-stm32.10.3-2021.10.win32_1.0.0.202111181127/tools/bin/../lib/gcc/arm-none-eabi/10.3.1/../../../../arm-none-eabi/lib/thumb/v7e-m/nofp\libc_nano.a(lib_a-impure.o)
 .text          0x0000000000000000        0x0 c:/st/stm32cubeide_1.10.1/stm32cubeide/plugins/com.st.stm32cube.ide.mcu.externaltools.gnu-tools-for-stm32.10.3-2021.10.win32_1.0.0.202111181127/tools/bin/../lib/gcc/arm-none-eabi/10.3.1/../../../../arm-none-eabi/lib/thumb/v7e-m/nofp\libc_nano.a(lib_a-init.o)
 .data          0x0000000000000000        0x0 c:/st/stm32cubeide_1.10.1/stm32cubeide/plugins/com.st.stm32cube.ide.mcu.externaltools.gnu-tools-for-stm32.10.3-2021.10.win32_1.0.0.202111181127/tools/bin/../lib/gcc/arm-none-eabi/10.3.1/../../../../arm-none-eabi/lib/thumb/v7e-m/nofp\libc_nano.a(lib_a-init.o)
 .bss           0x0000000000000000        0x0 c:/st/stm32cubeide_1.10.1/stm32cubeide/plugins/com.st.stm32cube.ide.mcu.externaltools.gnu-tools-for-stm32.10.3-2021.10.win32_1.0.0.202111181127/tools/bin/../lib/gcc/arm-none-eabi/10.3.1/../../../../arm-none-eabi/lib/thumb/v7e-m/nofp\libc_nano.a(lib_a-init.o)
 .text          0x0000000000000000        0x0 c:/st/stm32cubeide_1.10.1/stm32cubeide/plugins/com.st.stm32cube.ide.mcu.externaltools.gnu-tools-for-stm32.10.3-2021.10.win32_1.0.0.202111181127/tools/bin/../lib/gcc/arm-none-eabi/10.3.1/../../../../arm-none-eabi/lib/thumb/v7e-m/nofp\libc_nano.a(lib_a-memset.o)
 .data          0x0000000000000000        0x0 c:/st/stm32cubeide_1.10.1/stm32cubeide/plugins/com.st.stm32cube.ide.mcu.externaltools.gnu-tools-for-stm32.10.3-2021.10.win32_1.0.0.202111181127/tools/bin/../lib/gcc/arm-none-eabi/10.3.1/../../../../arm-none-eabi/lib/thumb/v7e-m/nofp\libc_nano.a(lib_a-memset.o)
 .bss           0x0000000000000000        0x0 c:/st/stm32cubeide_1.10.1/stm32cubeide/plugins/com.st.stm32cube.ide.mcu.externaltools.gnu-tools-for-stm32.10.3-2021.10.win32_1.0.0.202111181127/tools/bin/../lib/gcc/arm-none-eabi/10.3.1/../../../../arm-none-eabi/lib/thumb/v7e-m/nofp\libc_nano.a(lib_a-memset.o)
 .text.memset   0x0000000000000000       0x10 c:/st/stm32cubeide_1.10.1/stm32cubeide/plugins/com.st.stm32cube.ide.mcu.externaltools.gnu-tools-for-stm32.10.3-2021.10.win32_1.0.0.202111181127/tools/bin/../lib/gcc/arm-none-eabi/10.3.1/../../../../arm-none-eabi/lib/thumb/v7e-m/nofp\libc_nano.a(lib_a-memset.o)
 .debug_frame   0x0000000000000000       0x20 c:/st/stm32cubeide_1.10.1/stm32cubeide/plugins/com.st.stm32cube.ide.mcu.externaltools.gnu-tools-for-stm32.10.3-2021.10.win32_1.0.0.202111181127/tools/bin/../lib/gcc/arm-none-eabi/10.3.1/../../../../arm-none-eabi/lib/thumb/v7e-m/nofp\libc_nano.a(lib_a-memset.o)
 .ARM.attributes
                0x0000000000000000       0x2e c:/st/stm32cubeide_1.10.1/stm32cubeide/plugins/com.st.stm32cube.ide.mcu.externaltools.gnu-tools-for-stm32.10.3-2021.10.win32_1.0.0.202111181127/tools/bin/../lib/gcc/arm-none-eabi/10.3.1/../../../../arm-none-eabi/lib/thumb/v7e-m/nofp\libc_nano.a(lib_a-memset.o)
 .text          0x0000000000000000        0x0 c:/st/stm32cubeide_1.10.1/stm32cubeide/plugins/com.st.stm32cube.ide.mcu.externaltools.gnu-tools-for-stm32.10.3-2021.10.win32_1.0.0.202111181127/tools/bin/../lib/gcc/arm-none-eabi/10.3.1/thumb/v7e-m/nofp/crtend.o
 .data          0x0000000000000000        0x0 c:/st/stm32cubeide_1.10.1/stm32cubeide/plugins/com.st.stm32cube.ide.mcu.externaltools.gnu-tools-for-stm32.10.3-2021.10.win32_1.0.0.202111181127/tools/bin/../lib/gcc/arm-none-eabi/10.3.1/thumb/v7e-m/nofp/crtend.o
 .bss           0x0000000000000000        0x0 c:/st/stm32cubeide_1.10.1/stm32cubeide/plugins/com.st.stm32cube.ide.mcu.externaltools.gnu-tools-for-stm32.10.3-2021.10.win32_1.0.0.202111181127/tools/bin/../lib/gcc/arm-none-eabi/10.3.1/thumb/v7e-m/nofp/crtend.o
 .rodata        0x0000000000000000       0x24 c:/st/stm32cubeide_1.10.1/stm32cubeide/plugins/com.st.stm32cube.ide.mcu.externaltools.gnu-tools-for-stm32.10.3-2021.10.win32_1.0.0.202111181127/tools/bin/../lib/gcc/arm-none-eabi/10.3.1/thumb/v7e-m/nofp/crtend.o
 .eh_frame      0x0000000000000000        0x4 c:/st/stm32cubeide_1.10.1/stm32cubeide/plugins/com.st.stm32cube.ide.mcu.externaltools.gnu-tools-for-stm32.10.3-2021.10.win32_1.0.0.202111181127/tools/bin/../lib/gcc/arm-none-eabi/10.3.1/thumb/v7e-m/nofp/crtend.o
 .ARM.attributes
                0x0000000000000000       0x2e c:/st/stm32cubeide_1.10.1/stm32cubeide/plugins/com.st.stm32cube.ide.mcu.externaltools.gnu-tools-for-stm32.10.3-2021.10.win32_1.0.0.202111181127/tools/bin/../lib/gcc/arm-none-eabi/10.3.1/thumb/v7e-m/nofp/crtend.o
 .text          0x0000000000000000        0x0 c:/st/stm32cubeide_1.10.1/stm32cubeide/plugins/com.st.stm32cube.ide.mcu.externaltools.gnu-tools-for-stm32.10.3-2021.10.win32_1.0.0.202111181127/tools/bin/../lib/gcc/arm-none-eabi/10.3.1/thumb/v7e-m/nofp/crtn.o
 .data          0x0000000000000000        0x0 c:/st/stm32cubeide_1.10.1/stm32cubeide/plugins/com.st.stm32cube.ide.mcu.externaltools.gnu-tools-for-stm32.10.3-2021.10.win32_1.0.0.202111181127/tools/bin/../lib/gcc/arm-none-eabi/10.3.1/thumb/v7e-m/nofp/crtn.o
 .bss           0x0000000000000000        0x0 c:/st/stm32cubeide_1.10.1/stm32cubeide/plugins/com.st.stm32cube.ide.mcu.externaltools.gnu-tools-for-stm32.10.3-2021.10.win32_1.0.0.202111181127/tools/bin/../lib/gcc/arm-none-eabi/10.3.1/thumb/v7e-m/nofp/crtn.o

Memory Configuration

Name             Origin             Length             Attributes
CCMRAM           0x0000000010000000 0x0000000000010000 xrw
RAM              0x0000000020000000 0x0000000000020000 xrw
FLASH            0x0000000008000000 0x0000000000100000 xr
*default*        0x0000000000000000 0xffffffffffffffff

Linker script and memory map

LOAD c:/st/stm32cubeide_1.10.1/stm32cubeide/plugins/com.st.stm32cube.ide.mcu.externaltools.gnu-tools-for-stm32.10.3-2021.10.win32_1.0.0.202111181127/tools/bin/../lib/gcc/arm-none-eabi/10.3.1/thumb/v7e-m/nofp/crti.o
LOAD c:/st/stm32cubeide_1.10.1/stm32cubeide/plugins/com.st.stm32cube.ide.mcu.externaltools.gnu-tools-for-stm32.10.3-2021.10.win32_1.0.0.202111181127/tools/bin/../lib/gcc/arm-none-eabi/10.3.1/thumb/v7e-m/nofp/crtbegin.o
LOAD c:/st/stm32cubeide_1.10.1/stm32cubeide/plugins/com.st.stm32cube.ide.mcu.externaltools.gnu-tools-for-stm32.10.3-2021.10.win32_1.0.0.202111181127/tools/bin/../lib/gcc/arm-none-eabi/10.3.1/../../../../arm-none-eabi/lib/thumb/v7e-m/nofp/crt0.o
LOAD ./Src/extint.o
LOAD ./Src/itm.o
LOAD ./Src/led.o
LOAD ./Src/main.o
LOAD ./Src/syscalls.o
LOAD ./Src/sysmem.o
LOAD ./Src/system_stm32f4xx.o
LOAD ./Startup/startup_stm32f407vgtx.o
START GROUP
LOAD c:/st/stm32cubeide_1.10.1/stm32cubeide/plugins/com.st.stm32cube.ide.mcu.externaltools.gnu-tools-for-stm32.10.3-2021.10.win32_1.0.0.202111181127/tools/bin/../lib/gcc/arm-none-eabi/10.3.1/../../../../arm-none-eabi/lib/thumb/v7e-m/nofp\libc_nano.a
LOAD c:/st/stm32cubeide_1.10.1/stm32cubeide/plugins/com.st.stm32cube.ide.mcu.externaltools.gnu-tools-for-stm32.10.3-2021.10.win32_1.0.0.202111181127/tools/bin/../lib/gcc/arm-none-eabi/10.3.1/../../../../arm-none-eabi/lib/thumb/v7e-m/nofp\libm.a
END GROUP
START GROUP
LOAD c:/st/stm32cubeide_1.10.1/stm32cubeide/plugins/com.st.stm32cube.ide.mcu.externaltools.gnu-tools-for-stm32.10.3-2021.10.win32_1.0.0.202111181127/tools/bin/../lib/gcc/arm-none-eabi/10.3.1/thumb/v7e-m/nofp\libgcc.a
LOAD c:/st/stm32cubeide_1.10.1/stm32cubeide/plugins/com.st.stm32cube.ide.mcu.externaltools.gnu-tools-for-stm32.10.3-2021.10.win32_1.0.0.202111181127/tools/bin/../lib/gcc/arm-none-eabi/10.3.1/../../../../arm-none-eabi/lib/thumb/v7e-m/nofp\libc_nano.a
END GROUP
START GROUP
LOAD c:/st/stm32cubeide_1.10.1/stm32cubeide/plugins/com.st.stm32cube.ide.mcu.externaltools.gnu-tools-for-stm32.10.3-2021.10.win32_1.0.0.202111181127/tools/bin/../lib/gcc/arm-none-eabi/10.3.1/thumb/v7e-m/nofp\libgcc.a
LOAD c:/st/stm32cubeide_1.10.1/stm32cubeide/plugins/com.st.stm32cube.ide.mcu.externaltools.gnu-tools-for-stm32.10.3-2021.10.win32_1.0.0.202111181127/tools/bin/../lib/gcc/arm-none-eabi/10.3.1/../../../../arm-none-eabi/lib/thumb/v7e-m/nofp\libc_nano.a
LOAD c:/st/stm32cubeide_1.10.1/stm32cubeide/plugins/com.st.stm32cube.ide.mcu.externaltools.gnu-tools-for-stm32.10.3-2021.10.win32_1.0.0.202111181127/tools/bin/../lib/gcc/arm-none-eabi/10.3.1/../../../../arm-none-eabi/lib/thumb/v7e-m/nofp\libnosys.a
END GROUP
START GROUP
LOAD c:/st/stm32cubeide_1.10.1/stm32cubeide/plugins/com.st.stm32cube.ide.mcu.externaltools.gnu-tools-for-stm32.10.3-2021.10.win32_1.0.0.202111181127/tools/bin/../lib/gcc/arm-none-eabi/10.3.1/thumb/v7e-m/nofp\libgcc.a
LOAD c:/st/stm32cubeide_1.10.1/stm32cubeide/plugins/com.st.stm32cube.ide.mcu.externaltools.gnu-tools-for-stm32.10.3-2021.10.win32_1.0.0.202111181127/tools/bin/../lib/gcc/arm-none-eabi/10.3.1/../../../../arm-none-eabi/lib/thumb/v7e-m/nofp\libc_nano.a
LOAD c:/st/stm32cubeide_1.10.1/stm32cubeide/plugins/com.st.stm32cube.ide.mcu.externaltools.gnu-tools-for-stm32.10.3-2021.10.win32_1.0.0.202111181127/tools/bin/../lib/gcc/arm-none-eabi/10.3.1/../../../../arm-none-eabi/lib/thumb/v7e-m/nofp\libnosys.a
END GROUP
LOAD c:/st/stm32cubeide_1.10.1/stm32cubeide/plugins/com.st.stm32cube.ide.mcu.externaltools.gnu-tools-for-stm32.10.3-2021.10.win32_1.0.0.202111181127/tools/bin/../lib/gcc/arm-none-eabi/10.3.1/thumb/v7e-m/nofp/crtend.o
LOAD c:/st/stm32cubeide_1.10.1/stm32cubeide/plugins/com.st.stm32cube.ide.mcu.externaltools.gnu-tools-for-stm32.10.3-2021.10.win32_1.0.0.202111181127/tools/bin/../lib/gcc/arm-none-eabi/10.3.1/thumb/v7e-m/nofp/crtn.o
                0x0000000020020000                _estack = (ORIGIN (RAM) + LENGTH (RAM))
                0x0000000000000200                _Min_Heap_Size = 0x200
                0x0000000000000400                _Min_Stack_Size = 0x400

.isr_vector     0x0000000008000000      0x1a8
                0x0000000008000000                . = ALIGN (0x4)
 *(.isr_vector)
 .isr_vector    0x0000000008000000      0x1a8 ./Startup/startup_stm32f407vgtx.o
                0x0000000008000000                g_pfnVectors
                0x00000000080001a8                . = ALIGN (0x4)

.text           0x00000000080001a8      0x27c
                0x00000000080001a8                . = ALIGN (0x4)
 *(.text)
 .text          0x00000000080001a8       0x40 c:/st/stm32cubeide_1.10.1/stm32cubeide/plugins/com.st.stm32cube.ide.mcu.externaltools.gnu-tools-for-stm32.10.3-2021.10.win32_1.0.0.202111181127/tools/bin/../lib/gcc/arm-none-eabi/10.3.1/thumb/v7e-m/nofp/crtbegin.o
 *(.text*)
 .text.extint_init
                0x00000000080001e8       0x54 ./Src/extint.o
                0x00000000080001e8                extint_init
 .text.EXTI0_IRQHandler
                0x000000000800023c       0x18 ./Src/extint.o
                0x000000000800023c                EXTI0_IRQHandler
 .text.led_init
                0x0000000008000254       0x58 ./Src/led.o
                0x0000000008000254                led_init
 .text.led_on   0x00000000080002ac       0x14 ./Src/led.o
                0x00000000080002ac                led_on
 .text.led_off  0x00000000080002c0       0x14 ./Src/led.o
                0x00000000080002c0                led_off
 .text.startup.main
                0x00000000080002d4       0x58 ./Src/main.o
                0x00000000080002d4                main
 .text.SystemInit
                0x000000000800032c       0x44 ./Src/system_stm32f4xx.o
                0x000000000800032c                SystemInit
 .text.Reset_Handler
                0x0000000008000370       0x50 ./Startup/startup_stm32f407vgtx.o
                0x0000000008000370                Reset_Handler
 .text.Default_Handler
                0x00000000080003c0        0x2 ./Startup/startup_stm32f407vgtx.o
                0x00000000080003c0                RTC_Alarm_IRQHandler
                0x00000000080003c0                HASH_RNG_IRQHandler
                0x00000000080003c0                EXTI2_IRQHandler
                0x00000000080003c0                TIM8_CC_IRQHandler
                0x00000000080003c0                DebugMon_Handler
                0x00000000080003c0                TIM1_CC_IRQHandler
                0x00000000080003c0                DMA2_Stream5_IRQHandler
                0x00000000080003c0                HardFault_Handler
                0x00000000080003c0                DMA1_Stream5_IRQHandler
                0x00000000080003c0                SysTick_Handler
                0x00000000080003c0                PVD_IRQHandler
                0x00000000080003c0                SDIO_IRQHandler
                0x00000000080003c0                TAMP_STAMP_IRQHandler
                0x00000000080003c0                PendSV_Handler
                0x00000000080003c0                NMI_Handler
                0x00000000080003c0                CAN2_RX1_IRQHandler
                0x00000000080003c0                EXTI3_IRQHandler
                0x00000000080003c0                TIM8_TRG_COM_TIM14_IRQHandler
                0x00000000080003c0                TIM1_UP_TIM10_IRQHandler
                0x00000000080003c0                TIM8_UP_TIM13_IRQHandler
                0x00000000080003c0                I2C3_ER_IRQHandler
                0x00000000080003c0                LCD_TFT_IRQHandler
                0x00000000080003c0                I2C2_EV_IRQHandler
                0x00000000080003c0                DMA1_Stream2_IRQHandler
                0x00000000080003c0                CAN1_RX0_IRQHandler
                0x00000000080003c0                FPU_IRQHandler
                0x00000000080003c0                OTG_HS_WKUP_IRQHandler
                0x00000000080003c0                UsageFault_Handler
                0x00000000080003c0                CAN2_SCE_IRQHandler
                0x00000000080003c0                DMA2_Stream2_IRQHandler
                0x00000000080003c0                SPI1_IRQHandler
                0x00000000080003c0                TIM6_DAC_IRQHandler
                0x00000000080003c0                TIM1_BRK_TIM9_IRQHandler
                0x00000000080003c0                DCMI_IRQHandler
                0x00000000080003c0                CAN2_RX0_IRQHandler
                0x00000000080003c0                DMA2_Stream3_IRQHandler
                0x00000000080003c0                USART6_IRQHandler
                0x00000000080003c0                USART3_IRQHandler
                0x00000000080003c0                CRYP_IRQHandler
                0x00000000080003c0                CAN1_RX1_IRQHandler
                0x00000000080003c0                UART5_IRQHandler
                0x00000000080003c0                DMA2_Stream0_IRQHandler
                0x00000000080003c0                TIM4_IRQHandler
                0x00000000080003c0                I2C1_EV_IRQHandler
                0x00000000080003c0                DMA1_Stream6_IRQHandler
                0x00000000080003c0                DMA1_Stream1_IRQHandler
                0x00000000080003c0                UART4_IRQHandler
                0x00000000080003c0                LCD_TFT_1_IRQHandler
                0x00000000080003c0                TIM3_IRQHandler
                0x00000000080003c0                RCC_IRQHandler
                0x00000000080003c0                TIM8_BRK_TIM12_IRQHandler
                0x00000000080003c0                Default_Handler
                0x00000000080003c0                EXTI15_10_IRQHandler
                0x00000000080003c0                ADC_IRQHandler
                0x00000000080003c0                DMA1_Stream7_IRQHandler
                0x00000000080003c0                TIM7_IRQHandler
                0x00000000080003c0                CAN2_TX_IRQHandler
                0x00000000080003c0                TIM5_IRQHandler
                0x00000000080003c0                DMA2_Stream7_IRQHandler
                0x00000000080003c0                I2C3_EV_IRQHandler
                0x00000000080003c0                EXTI9_5_IRQHandler
                0x00000000080003c0                RTC_WKUP_IRQHandler
                0x00000000080003c0                ETH_WKUP_IRQHandler
                0x00000000080003c0                SPI2_IRQHandler
                0x00000000080003c0                OTG_HS_EP1_IN_IRQHandler
                0x00000000080003c0                MemManage_Handler
                0x00000000080003c0                DMA1_Stream0_IRQHandler
                0x00000000080003c0                CAN1_TX_IRQHandler
                0x00000000080003c0                SVC_Handler
                0x00000000080003c0                EXTI4_IRQHandler
                0x00000000080003c0                FSMC_IRQHandler
                0x00000000080003c0                ETH_IRQHandler
                0x00000000080003c0                OTG_HS_EP1_OUT_IRQHandler
                0x00000000080003c0                WWDG_IRQHandler
                0x00000000080003c0                TIM2_IRQHandler
                0x00000000080003c0                OTG_FS_WKUP_IRQHandler
                0x00000000080003c0                TIM1_TRG_COM_TIM11_IRQHandler
                0x00000000080003c0                OTG_HS_IRQHandler
                0x00000000080003c0                EXTI1_IRQHandler
                0x00000000080003c0                USART2_IRQHandler
                0x00000000080003c0                I2C2_ER_IRQHandler
                0x00000000080003c0                DMA2_Stream1_IRQHandler
                0x00000000080003c0                CAN1_SCE_IRQHandler
                0x00000000080003c0                DMA2_Stream4_IRQHandler
                0x00000000080003c0                BusFault_Handler
                0x00000000080003c0                USART1_IRQHandler
                0x00000000080003c0                OTG_FS_IRQHandler
                0x00000000080003c0                SPI3_IRQHandler
                0x00000000080003c0                DMA1_Stream4_IRQHandler
                0x00000000080003c0                I2C1_ER_IRQHandler
                0x00000000080003c0                DMA2_Stream6_IRQHandler
                0x00000000080003c0                DMA1_Stream3_IRQHandler
 *fill*         0x00000000080003c2        0x2 
 .text.__libc_init_array
                0x00000000080003c4       0x48 c:/st/stm32cubeide_1.10.1/stm32cubeide/plugins/com.st.stm32cube.ide.mcu.externaltools.gnu-tools-for-stm32.10.3-2021.10.win32_1.0.0.202111181127/tools/bin/../lib/gcc/arm-none-eabi/10.3.1/../../../../arm-none-eabi/lib/thumb/v7e-m/nofp\libc_nano.a(lib_a-init.o)
                0x00000000080003c4                __libc_init_array
 *(.glue_7)
 .glue_7        0x000000000800040c        0x0 linker stubs
 *(.glue_7t)
 .glue_7t       0x000000000800040c        0x0 linker stubs
 *(.eh_frame)
 .eh_frame      0x000000000800040c        0x0 c:/st/stm32cubeide_1.10.1/stm32cubeide/plugins/com.st.stm32cube.ide.mcu.externaltools.gnu-tools-for-stm32.10.3-2021.10.win32_1.0.0.202111181127/tools/bin/../lib/gcc/arm-none-eabi/10.3.1/thumb/v7e-m/nofp/crtbegin.o
 *(.init)
 .init          0x000000000800040c        0x4 c:/st/stm32cubeide_1.10.1/stm32cubeide/plugins/com.st.stm32cube.ide.mcu.externaltools.gnu-tools-for-stm32.10.3-2021.10.win32_1.0.0.202111181127/tools/bin/../lib/gcc/arm-none-eabi/10.3.1/thumb/v7e-m/nofp/crti.o
                0x000000000800040c                _init
 .init          0x0000000008000410        0x8 c:/st/stm32cubeide_1.10.1/stm32cubeide/plugins/com.st.stm32cube.ide.mcu.externaltools.gnu-tools-for-stm32.10.3-2021.10.win32_1.0.0.202111181127/tools/bin/../lib/gcc/arm-none-eabi/10.3.1/thumb/v7e-m/nofp/crtn.o
 *(.fini)
 .fini          0x0000000008000418        0x4 c:/st/stm32cubeide_1.10.1/stm32cubeide/plugins/com.st.stm32cube.ide.mcu.externaltools.gnu-tools-for-stm32.10.3-2021.10.win32_1.0.0.202111181127/tools/bin/../lib/gcc/arm-none-eabi/10.3.1/thumb/v7e-m/nofp/crti.o
                0x0000000008000418                _fini
 .fini          0x000000000800041c        0x8 c:/st/stm32cubeide_1.10.1/stm32cubeide/plugins/com.st.stm32cube.ide.mcu.externaltools.gnu-tools-for-stm32.10.3-2021.10.win32_1.0.0.202111181127/tools/bin/../lib/gcc/arm-none-eabi/10.3.1/thumb/v7e-m/nofp/crtn.o
                0x0000000008000424                . = ALIGN (0x4)
                0x0000000008000424                _etext = .

.vfp11_veneer   0x0000000008000424        0x0
 .vfp11_veneer  0x0000000008000424        0x0 linker stubs

.v4_bx          0x0000000008000424        0x0
 .v4_bx         0x0000000008000424        0x0 linker stubs

.iplt           0x0000000008000424        0x0
 .iplt          0x0000000008000424        0x0 c:/st/stm32cubeide_1.10.1/stm32cubeide/plugins/com.st.stm32cube.ide.mcu.externaltools.gnu-tools-for-stm32.10.3-2021.10.win32_1.0.0.202111181127/tools/bin/../lib/gcc/arm-none-eabi/10.3.1/thumb/v7e-m/nofp/crtbegin.o

.rel.dyn        0x0000000008000424        0x0
 .rel.iplt      0x0000000008000424        0x0 c:/st/stm32cubeide_1.10.1/stm32cubeide/plugins/com.st.stm32cube.ide.mcu.externaltools.gnu-tools-for-stm32.10.3-2021.10.win32_1.0.0.202111181127/tools/bin/../lib/gcc/arm-none-eabi/10.3.1/thumb/v7e-m/nofp/crtbegin.o

.rodata         0x0000000008000424        0x0
                0x0000000008000424                . = ALIGN (0x4)
 *(.rodata)
 *(.rodata*)
                0x0000000008000424                . = ALIGN (0x4)

.ARM.extab      0x0000000008000424        0x0
                0x0000000008000424                . = ALIGN (0x4)
 *(.ARM.extab* .gnu.linkonce.armextab.*)
                0x0000000008000424                . = ALIGN (0x4)

.ARM            0x0000000008000424        0x0
                0x0000000008000424                . = ALIGN (0x4)
                0x0000000008000424                __exidx_start = .
 *(.ARM.exidx*)
                0x0000000008000424                __exidx_end = .
                0x0000000008000424                . = ALIGN (0x4)

.preinit_array  0x0000000008000424        0x0
                0x0000000008000424                . = ALIGN (0x4)
                0x0000000008000424                PROVIDE (__preinit_array_start = .)
 *(.preinit_array*)
                0x0000000008000424                PROVIDE (__preinit_array_end = .)
                0x0000000008000424                . = ALIGN (0x4)

.init_array     0x0000000008000424        0x4
                0x0000000008000424                . = ALIGN (0x4)
                0x0000000008000424                PROVIDE (__init_array_start = .)
 *(SORT_BY_NAME(.init_array.*))
 *(.init_array*)
 .init_array    0x0000000008000424        0x4 c:/st/stm32cubeide_1.10.1/stm32cubeide/plugins/com.st.stm32cube.ide.mcu.externaltools.gnu-tools-for-stm32.10.3-2021.10.win32_1.0.0.202111181127/tools/bin/../lib/gcc/arm-none-eabi/10.3.1/thumb/v7e-m/nofp/crtbegin.o
                0x0000000008000428                PROVIDE (__init_array_end = .)
                0x0000000008000428                . = ALIGN (0x4)

.fini_array     0x0000000008000428        0x4
                0x0000000008000428                . = ALIGN (0x4)
                [!provide]                        PROVIDE (__fini_array_start = .)
 *(SORT_BY_NAME(.fini_array.*))
 *(.fini_array*)
 .fini_array    0x0000000008000428        0x4 c:/st/stm32cubeide_1.10.1/stm32cubeide/plugins/com.st.stm32cube.ide.mcu.externaltools.gnu-tools-for-stm32.10.3-2021.10.win32_1.0.0.202111181127/tools/bin/../lib/gcc/arm-none-eabi/10.3.1/thumb/v7e-m/nofp/crtbegin.o
                [!provide]                        PROVIDE (__fini_array_end = .)
                0x000000000800042c                . = ALIGN (0x4)
                0x000000000800042c                _sidata = LOADADDR (.data)

.data           0x0000000020000000        0x4 load address 0x000000000800042c
                0x0000000020000000                . = ALIGN (0x4)
                0x0000000020000000                _sdata = .
 *(.data)
 *(.data*)
 .data.SystemCoreClock
                0x0000000020000000        0x4 ./Src/system_stm32f4xx.o
                0x0000000020000000                SystemCoreClock
 *(.RamFunc)
 *(.RamFunc*)
                0x0000000020000004                . = ALIGN (0x4)
                0x0000000020000004                _edata = .
                0x0000000008000430                _siccmram = LOADADDR (.ccmram)

.igot.plt       0x0000000020000004        0x0 load address 0x0000000008000430
 .igot.plt      0x0000000020000004        0x0 c:/st/stm32cubeide_1.10.1/stm32cubeide/plugins/com.st.stm32cube.ide.mcu.externaltools.gnu-tools-for-stm32.10.3-2021.10.win32_1.0.0.202111181127/tools/bin/../lib/gcc/arm-none-eabi/10.3.1/thumb/v7e-m/nofp/crtbegin.o

.ccmram         0x0000000010000000        0x0 load address 0x0000000008000430
                0x0000000010000000                . = ALIGN (0x4)
                0x0000000010000000                _sccmram = .
 *(.ccmram)
 *(.ccmram*)
                0x0000000010000000                . = ALIGN (0x4)
                0x0000000010000000                _eccmram = .
                0x0000000010000000                . = ALIGN (0x4)

.bss            0x0000000020000004       0x20
                0x0000000020000004                _sbss = .
                0x0000000020000004                __bss_start__ = _sbss
 *(.bss)
 .bss           0x0000000020000004       0x1c c:/st/stm32cubeide_1.10.1/stm32cubeide/plugins/com.st.stm32cube.ide.mcu.externaltools.gnu-tools-for-stm32.10.3-2021.10.win32_1.0.0.202111181127/tools/bin/../lib/gcc/arm-none-eabi/10.3.1/thumb/v7e-m/nofp/crtbegin.o
 *(.bss*)
 .bss.ext_flag  0x0000000020000020        0x4 ./Src/extint.o
                0x0000000020000020                ext_flag
 *(COMMON)
                0x0000000020000024                . = ALIGN (0x4)
                0x0000000020000024                _ebss = .
                0x0000000020000024                __bss_end__ = _ebss

._user_heap_stack
                0x0000000020000024      0x604
                0x0000000020000028                . = ALIGN (0x8)
 *fill*         0x0000000020000024        0x4 
                [!provide]                        PROVIDE (end = .)
                0x0000000020000028                PROVIDE (_end = .)
                0x0000000020000228                . = (. + _Min_Heap_Size)
 *fill*         0x0000000020000028      0x200 
                0x0000000020000628                . = (. + _Min_Stack_Size)
 *fill*         0x0000000020000228      0x400 
                0x0000000020000628                . = ALIGN (0x8)

/DISCARD/
 libc.a(*)
 libm.a(*)
 libgcc.a(*)

.ARM.attributes
                0x0000000000000000       0x2a
 *(.ARM.attributes)
 .ARM.attributes
                0x0000000000000000       0x1e c:/st/stm32cubeide_1.10.1/stm32cubeide/plugins/com.st.stm32cube.ide.mcu.externaltools.gnu-tools-for-stm32.10.3-2021.10.win32_1.0.0.202111181127/tools/bin/../lib/gcc/arm-none-eabi/10.3.1/thumb/v7e-m/nofp/crti.o
 .ARM.attributes
                0x000000000000001e       0x2e c:/st/stm32cubeide_1.10.1/stm32cubeide/plugins/com.st.stm32cube.ide.mcu.externaltools.gnu-tools-for-stm32.10.3-2021.10.win32_1.0.0.202111181127/tools/bin/../lib/gcc/arm-none-eabi/10.3.1/thumb/v7e-m/nofp/crtbegin.o
 .ARM.attributes
                0x000000000000004c       0x2e ./Src/extint.o
 .ARM.attributes
                0x000000000000007a       0x2e ./Src/led.o
 .ARM.attributes
                0x00000000000000a8       0x2e ./Src/main.o
 .ARM.attributes
                0x00000000000000d6       0x2e ./Src/system_stm32f4xx.o
 .ARM.attributes
                0x0000000000000104       0x21 ./Startup/startup_stm32f407vgtx.o
 .ARM.attributes
                0x0000000000000125       0x2e c:/st/stm32cubeide_1.10.1/stm32cubeide/plugins/com.st.stm32cube.ide.mcu.externaltools.gnu-tools-for-stm32.10.3-2021.10.win32_1.0.0.202111181127/tools/bin/../lib/gcc/arm-none-eabi/10.3.1/../../../../arm-none-eabi/lib/thumb/v7e-m/nofp\libc_nano.a(lib_a-init.o)
 .ARM.attributes
                0x0000000000000153       0x1e c:/st/stm32cubeide_1.10.1/stm32cubeide/plugins/com.st.stm32cube.ide.mcu.externaltools.gnu-tools-for-stm32.10.3-2021.10.win32_1.0.0.202111181127/tools/bin/../lib/gcc/arm-none-eabi/10.3.1/thumb/v7e-m/nofp/crtn.o
OUTPUT(GPIO_EXTI_Demo2.elf elf32-littlearm)
LOAD linker stubs
LOAD c:/st/stm32cubeide_1.10.1/stm32cubeide/plugins/com.st.stm32cube.ide.mcu.externaltools.gnu-tools-for-stm32.10.3-2021.10.win32_1.0.0.202111181127/tools/bin/../lib/gcc/arm-none-eabi/10.3.1/../../../../arm-none-eabi/lib/thumb/v7e-m/nofp\libc.a
LOAD c:/st/stm32cubeide_1.10.1/stm32cubeide/plugins/com.st.stm32cube.ide.mcu.externaltools.gnu-tools-for-stm32.10.3-2021.10.win32_1.0.0.202111181127/tools/bin/../lib/gcc/arm-none-eabi/10.3.1/../../../../arm-none-eabi/lib/thumb/v7e-m/nofp\libm.a
LOAD c:/st/stm32cubeide_1.10.1/stm32cubeide/plugins/com.st.stm32cube.ide.mcu.externaltools.gnu-tools-for-stm32.10.3-2021.10.win32_1.0.0.202111181127/tools/bin/../lib/gcc/arm-none-eabi/10.3.1/thumb/v7e-m/nofp\libgcc.a

.debug_info     0x0000000000000000     0x14a5
 .debug_info    0x0000000000000000      0x7f0 ./Src/extint.o
 .debug_info    0x00000000000007f0      0x3b1 ./Src/led.o
 .debug_info    0x0000000000000ba1      0x346 ./Src/main.o
 .debug_info    0x0000000000000ee7      0x59c ./Src/system_stm32f4xx.o
 .debug_info    0x0000000000001483       0x22 ./Startup/startup_stm32f407vgtx.o

.debug_abbrev   0x0000000000000000      0x56a
 .debug_abbrev  0x0000000000000000      0x17d ./Src/extint.o
 .debug_abbrev  0x000000000000017d       0xf0 ./Src/led.o
 .debug_abbrev  0x000000000000026d      0x17e ./Src/main.o
 .debug_abbrev  0x00000000000003eb      0x16d ./Src/system_stm32f4xx.o
 .debug_abbrev  0x0000000000000558       0x12 ./Startup/startup_stm32f407vgtx.o

.debug_loc      0x0000000000000000      0x1c7
 .debug_loc     0x0000000000000000       0x16 ./Src/extint.o
 .debug_loc     0x0000000000000016       0x25 ./Src/led.o
 .debug_loc     0x000000000000003b       0x4f ./Src/main.o
 .debug_loc     0x000000000000008a      0x13d ./Src/system_stm32f4xx.o

.debug_aranges  0x0000000000000000       0xe0
 .debug_aranges
                0x0000000000000000       0x28 ./Src/extint.o
 .debug_aranges
                0x0000000000000028       0x38 ./Src/led.o
 .debug_aranges
                0x0000000000000060       0x20 ./Src/main.o
 .debug_aranges
                0x0000000000000080       0x38 ./Src/system_stm32f4xx.o
 .debug_aranges
                0x00000000000000b8       0x28 ./Startup/startup_stm32f407vgtx.o

.debug_ranges   0x0000000000000000       0xf0
 .debug_ranges  0x0000000000000000       0x38 ./Src/extint.o
 .debug_ranges  0x0000000000000038       0x28 ./Src/led.o
 .debug_ranges  0x0000000000000060       0x48 ./Src/main.o
 .debug_ranges  0x00000000000000a8       0x28 ./Src/system_stm32f4xx.o
 .debug_ranges  0x00000000000000d0       0x20 ./Startup/startup_stm32f407vgtx.o

.debug_macro    0x0000000000000000    0x190f7
 .debug_macro   0x0000000000000000       0xce ./Src/extint.o
 .debug_macro   0x00000000000000ce      0xa78 ./Src/extint.o
 .debug_macro   0x0000000000000b46       0x2f ./Src/extint.o
 .debug_macro   0x0000000000000b75       0x22 ./Src/extint.o
 .debug_macro   0x0000000000000b97       0x8e ./Src/extint.o
 .debug_macro   0x0000000000000c25       0x51 ./Src/extint.o
 .debug_macro   0x0000000000000c76      0x103 ./Src/extint.o
 .debug_macro   0x0000000000000d79       0x6a ./Src/extint.o
 .debug_macro   0x0000000000000de3      0x1df ./Src/extint.o
 .debug_macro   0x0000000000000fc2       0x1c ./Src/extint.o
 .debug_macro   0x0000000000000fde       0x22 ./Src/extint.o
 .debug_macro   0x0000000000001000       0xd9 ./Src/extint.o
 .debug_macro   0x00000000000010d9     0x102d ./Src/extint.o
 .debug_macro   0x0000000000002106      0x11f ./Src/extint.o
 .debug_macro   0x0000000000002225    0x15e3c ./Src/extint.o
 .debug_macro   0x0000000000018061       0x2e ./Src/extint.o
 .debug_macro   0x000000000001808f       0xce ./Src/led.o
 .debug_macro   0x000000000001815d      0x23c ./Src/main.o
 .debug_macro   0x0000000000018399       0x52 ./Src/main.o
 .debug_macro   0x00000000000183eb       0x18 ./Src/main.o
 .debug_macro   0x0000000000018403       0x3c ./Src/main.o
 .debug_macro   0x000000000001843f       0x34 ./Src/main.o
 .debug_macro   0x0000000000018473       0x16 ./Src/main.o
 .debug_macro   0x0000000000018489       0x97 ./Src/main.o
 .debug_macro   0x0000000000018520      0x341 ./Src/main.o
 .debug_macro   0x0000000000018861       0xfd ./Src/main.o
 .debug_macro   0x000000000001895e       0x10 ./Src/main.o
 .debug_macro   0x000000000001896e       0x16 ./Src/main.o
 .debug_macro   0x0000000000018984       0x43 ./Src/main.o
 .debug_macro   0x00000000000189c7       0x34 ./Src/main.o
 .debug_macro   0x00000000000189fb       0x10 ./Src/main.o
 .debug_macro   0x0000000000018a0b       0x58 ./Src/main.o
 .debug_macro   0x0000000000018a63       0x71 ./Src/main.o
 .debug_macro   0x0000000000018ad4       0x1c ./Src/main.o
 .debug_macro   0x0000000000018af0      0x12a ./Src/main.o
 .debug_macro   0x0000000000018c1a       0x10 ./Src/main.o
 .debug_macro   0x0000000000018c2a       0x1c ./Src/main.o
 .debug_macro   0x0000000000018c46       0x52 ./Src/main.o
 .debug_macro   0x0000000000018c98       0x22 ./Src/main.o
 .debug_macro   0x0000000000018cba       0x10 ./Src/main.o
 .debug_macro   0x0000000000018cca       0x52 ./Src/main.o
 .debug_macro   0x0000000000018d1c       0xd5 ./Src/main.o
 .debug_macro   0x0000000000018df1       0x1c ./Src/main.o
 .debug_macro   0x0000000000018e0d       0x3d ./Src/main.o
 .debug_macro   0x0000000000018e4a       0x16 ./Src/main.o
 .debug_macro   0x0000000000018e60      0x145 ./Src/main.o
 .debug_macro   0x0000000000018fa5       0xda ./Src/system_stm32f4xx.o
 .debug_macro   0x000000000001907f       0x2e ./Src/system_stm32f4xx.o
 .debug_macro   0x00000000000190ad       0x4a ./Src/system_stm32f4xx.o

.debug_line     0x0000000000000000     0x15c5
 .debug_line    0x0000000000000000      0x4a4 ./Src/extint.o
 .debug_line    0x00000000000004a4      0x4cd ./Src/led.o
 .debug_line    0x0000000000000971      0x670 ./Src/main.o
 .debug_line    0x0000000000000fe1      0x560 ./Src/system_stm32f4xx.o
 .debug_line    0x0000000000001541       0x84 ./Startup/startup_stm32f407vgtx.o

.debug_str      0x0000000000000000    0x8c1bb
 .debug_str     0x0000000000000000    0x87ca3 ./Src/extint.o
                                      0x87e4a (size before relaxing)
 .debug_str     0x0000000000087ca3       0x30 ./Src/led.o
                                      0x878aa (size before relaxing)
 .debug_str     0x0000000000087cd3     0x40d1 ./Src/main.o
                                      0x8b8f8 (size before relaxing)
 .debug_str     0x000000000008bda4      0x3e6 ./Src/system_stm32f4xx.o
                                      0x87c7e (size before relaxing)
 .debug_str     0x000000000008c18a       0x31 ./Startup/startup_stm32f407vgtx.o
                                         0x69 (size before relaxing)

.comment        0x0000000000000000       0x50
 .comment       0x0000000000000000       0x50 ./Src/extint.o
                                         0x51 (size before relaxing)
 .comment       0x0000000000000050       0x51 ./Src/led.o
 .comment       0x0000000000000050       0x51 ./Src/main.o
 .comment       0x0000000000000050       0x51 ./Src/system_stm32f4xx.o

.debug_frame    0x0000000000000000      0x130
 .debug_frame   0x0000000000000000       0x30 ./Src/extint.o
 .debug_frame   0x0000000000000030       0x5c ./Src/led.o
 .debug_frame   0x000000000000008c       0x28 ./Src/main.o
 .debug_frame   0x00000000000000b4       0x50 ./Src/system_stm32f4xx.o
 .debug_frame   0x0000000000000104       0x2c c:/st/stm32cubeide_1.10.1/stm32cubeide/plugins/com.st.stm32cube.ide.mcu.externaltools.gnu-tools-for-stm32.10.3-2021.10.win32_1.0.0.202111181127/tools/bin/../lib/gcc/arm-none-eabi/10.3.1/../../../../arm-none-eabi/lib/thumb/v7e-m/nofp\libc_nano.a(lib_a-init.o)
